Component: Arm Compiler for Embedded 6.23 Tool: armlink [5f102400]

==============================================================================

Section Cross References

    startup_stm32g431xx.o(STACK) refers (Special) to heapauxi.o(.text) for __use_two_region_memory
    startup_stm32g431xx.o(HEAP) refers (Special) to heapauxi.o(.text) for __use_two_region_memory
    startup_stm32g431xx.o(RESET) refers (Special) to heapauxi.o(.text) for __use_two_region_memory
    startup_stm32g431xx.o(RESET) refers to startup_stm32g431xx.o(STACK) for __initial_sp
    startup_stm32g431xx.o(RESET) refers to startup_stm32g431xx.o(.text) for Reset_Handler
    startup_stm32g431xx.o(RESET) refers to stm32g4xx_it.o(.text.NMI_Handler) for NMI_Handler
    startup_stm32g431xx.o(RESET) refers to stm32g4xx_it.o(.text.HardFault_Handler) for HardFault_Handler
    startup_stm32g431xx.o(RESET) refers to stm32g4xx_it.o(.text.MemManage_Handler) for MemManage_Handler
    startup_stm32g431xx.o(RESET) refers to stm32g4xx_it.o(.text.BusFault_Handler) for BusFault_Handler
    startup_stm32g431xx.o(RESET) refers to stm32g4xx_it.o(.text.UsageFault_Handler) for UsageFault_Handler
    startup_stm32g431xx.o(RESET) refers to stm32g4xx_it.o(.text.SVC_Handler) for SVC_Handler
    startup_stm32g431xx.o(RESET) refers to stm32g4xx_it.o(.text.DebugMon_Handler) for DebugMon_Handler
    startup_stm32g431xx.o(RESET) refers to stm32g4xx_it.o(.text.PendSV_Handler) for PendSV_Handler
    startup_stm32g431xx.o(RESET) refers to stm32g4xx_it.o(.text.SysTick_Handler) for SysTick_Handler
    startup_stm32g431xx.o(RESET) refers to stm32g4xx_it.o(.text.DMA1_Channel1_IRQHandler) for DMA1_Channel1_IRQHandler
    startup_stm32g431xx.o(RESET) refers to stm32g4xx_it.o(.text.USB_HP_IRQHandler) for USB_HP_IRQHandler
    startup_stm32g431xx.o(RESET) refers to stm32g4xx_it.o(.text.USB_LP_IRQHandler) for USB_LP_IRQHandler
    startup_stm32g431xx.o(RESET) refers to stm32g4xx_it.o(.text.EXTI15_10_IRQHandler) for EXTI15_10_IRQHandler
    startup_stm32g431xx.o(.text) refers (Special) to heapauxi.o(.text) for __use_two_region_memory
    startup_stm32g431xx.o(.text) refers to system_stm32g4xx.o(.text.SystemInit) for SystemInit
    startup_stm32g431xx.o(.text) refers to __main.o(!!!main) for __main
    startup_stm32g431xx.o(.text) refers to startup_stm32g431xx.o(HEAP) for Heap_Mem
    startup_stm32g431xx.o(.text) refers to startup_stm32g431xx.o(STACK) for Stack_Mem
    main.o(.text.main) refers to stm32g4xx_hal.o(.text.HAL_Init) for HAL_Init
    main.o(.text.main) refers to stm32g4xx_hal_pwr_ex.o(.text.HAL_PWREx_ControlVoltageScaling) for HAL_PWREx_ControlVoltageScaling
    main.o(.text.main) refers to stm32g4xx_hal_rcc.o(.text.HAL_RCC_OscConfig) for HAL_RCC_OscConfig
    main.o(.text.main) refers to stm32g4xx_hal_rcc.o(.text.HAL_RCC_ClockConfig) for HAL_RCC_ClockConfig
    main.o(.text.main) refers to gpio.o(.text.MX_GPIO_Init) for MX_GPIO_Init
    main.o(.text.main) refers to dma.o(.text.MX_DMA_Init) for MX_DMA_Init
    main.o(.text.main) refers to tim.o(.text.MX_TIM1_Init) for MX_TIM1_Init
    main.o(.text.main) refers to usart.o(.text.MX_USART1_UART_Init) for MX_USART1_UART_Init
    main.o(.text.main) refers to adc.o(.text.MX_ADC1_Init) for MX_ADC1_Init
    main.o(.text.main) refers to i2c.o(.text.MX_I2C2_Init) for MX_I2C2_Init
    main.o(.text.main) refers to spi.o(.text.MX_SPI1_Init) for MX_SPI1_Init
    main.o(.text.main) refers to motor_publicdata.o(.text.Motor_Struct_Init) for Motor_Struct_Init
    main.o(.text.main) refers to motor_publicdata.o(.bss.MC) for MC
    main.o(.text.main) refers to stm32g4xx_hal_gpio.o(.text.HAL_GPIO_WritePin) for HAL_GPIO_WritePin
    main.o(.text.main) refers to tim.o(.bss.htim1) for htim1
    main.o(.text.main) refers to stm32g4xx_hal_tim.o(.text.HAL_TIM_PWM_Start) for HAL_TIM_PWM_Start
    main.o(.text.main) refers to stm32g4xx_hal_tim_ex.o(.text.HAL_TIMEx_PWMN_Start) for HAL_TIMEx_PWMN_Start
    main.o(.text.main) refers to eangle_drv.o(.text.Electrical_Angle_Generator) for Electrical_Angle_Generator
    main.o(.text.main) refers to math_drv.o(.text.Calculate_Sin_Cos) for Calculate_Sin_Cos
    main.o(.text.main) refers to foc_drv.o(.text.IPark_Transform) for IPark_Transform
    main.o(.text.main) refers to foc_drv.o(.text.Calculate_SVPWM) for Calculate_SVPWM
    main.o(.text.main) refers to stm32g4xx_hal.o(.text.HAL_Delay) for HAL_Delay
    main.o(.ARM.exidx.text.main) refers to main.o(.text.main) for [Anonymous Symbol]
    main.o(.text.SystemClock_Config) refers to stm32g4xx_hal_pwr_ex.o(.text.HAL_PWREx_ControlVoltageScaling) for HAL_PWREx_ControlVoltageScaling
    main.o(.text.SystemClock_Config) refers to stm32g4xx_hal_rcc.o(.text.HAL_RCC_OscConfig) for HAL_RCC_OscConfig
    main.o(.text.SystemClock_Config) refers to stm32g4xx_hal_rcc.o(.text.HAL_RCC_ClockConfig) for HAL_RCC_ClockConfig
    main.o(.ARM.exidx.text.SystemClock_Config) refers to main.o(.text.SystemClock_Config) for [Anonymous Symbol]
[...]
    .ARM.Collect$$libinit$$00000006          0x0800027e   Section        0  libinit2.o(.ARM.Collect$$libinit$$00000006)
    .ARM.Collect$$libinit$$0000000C          0x0800027e   Section        0  libinit2.o(.ARM.Collect$$libinit$$0000000C)
    .ARM.Collect$$libinit$$0000000E          0x0800027e   Section        0  libinit2.o(.ARM.Collect$$libinit$$0000000E)
    .ARM.Collect$$libinit$$00000010          0x0800027e   Section        0  libinit2.o(.ARM.Collect$$libinit$$00000010)
    .ARM.Collect$$libinit$$00000013          0x0800027e   Section        0  libinit2.o(.ARM.Collect$$libinit$$00000013)
    .ARM.Collect$$libinit$$00000015          0x0800027e   Section        0  libinit2.o(.ARM.Collect$$libinit$$00000015)
    .ARM.Collect$$libinit$$00000017          0x0800027e   Section        0  libinit2.o(.ARM.Collect$$libinit$$00000017)
    .ARM.Collect$$libinit$$00000019          0x0800027e   Section        0  libinit2.o(.ARM.Collect$$libinit$$00000019)
    .ARM.Collect$$libinit$$0000001B          0x0800027e   Section        0  libinit2.o(.ARM.Collect$$libinit$$0000001B)
    .ARM.Collect$$libinit$$0000001D          0x0800027e   Section        0  libinit2.o(.ARM.Collect$$libinit$$0000001D)
    .ARM.Collect$$libinit$$0000001F          0x0800027e   Section        0  libinit2.o(.ARM.Collect$$libinit$$0000001F)
    .ARM.Collect$$libinit$$00000021          0x0800027e   Section        0  libinit2.o(.ARM.Collect$$libinit$$00000021)
    .ARM.Collect$$libinit$$00000023          0x0800027e   Section        0  libinit2.o(.ARM.Collect$$libinit$$00000023)
    .ARM.Collect$$libinit$$00000025          0x0800027e   Section        0  libinit2.o(.ARM.Collect$$libinit$$00000025)
    .ARM.Collect$$libinit$$00000027          0x0800027e   Section        0  libinit2.o(.ARM.Collect$$libinit$$00000027)
    .ARM.Collect$$libinit$$0000002E          0x0800027e   Section        0  libinit2.o(.ARM.Collect$$libinit$$0000002E)
    .ARM.Collect$$libinit$$00000030          0x0800027e   Section        0  libinit2.o(.ARM.Collect$$libinit$$00000030)
    .ARM.Collect$$libinit$$00000032          0x0800027e   Section        0  libinit2.o(.ARM.Collect$$libinit$$00000032)
    .ARM.Collect$$libinit$$00000034          0x0800027e   Section        0  libinit2.o(.ARM.Collect$$libinit$$00000034)
    .ARM.Collect$$libinit$$00000035          0x0800027e   Section        2  libinit2.o(.ARM.Collect$$libinit$$00000035)
    .ARM.Collect$$libshutdown$$00000000      0x08000280   Section        2  libshutdown.o(.ARM.Collect$$libshutdown$$00000000)
    .ARM.Collect$$libshutdown$$00000002      0x08000282   Section        0  libshutdown2.o(.ARM.Collect$$libshutdown$$00000002)
    .ARM.Collect$$libshutdown$$00000004      0x08000282   Section        0  libshutdown2.o(.ARM.Collect$$libshutdown$$00000004)
    .ARM.Collect$$libshutdown$$00000007      0x08000282   Section        0  libshutdown2.o(.ARM.Collect$$libshutdown$$00000007)
    .ARM.Collect$$libshutdown$$0000000A      0x08000282   Section        0  libshutdown2.o(.ARM.Collect$$libshutdown$$0000000A)
    .ARM.Collect$$libshutdown$$0000000C      0x08000282   Section        0  libshutdown2.o(.ARM.Collect$$libshutdown$$0000000C)
    .ARM.Collect$$libshutdown$$0000000F      0x08000282   Section        0  libshutdown2.o(.ARM.Collect$$libshutdown$$0000000F)
    .ARM.Collect$$libshutdown$$00000010      0x08000282   Section        2  libshutdown2.o(.ARM.Collect$$libshutdown$$00000010)
    .ARM.Collect$$rtentry$$00000000          0x08000284   Section        0  __rtentry.o(.ARM.Collect$$rtentry$$00000000)
    .ARM.Collect$$rtentry$$00000002          0x08000284   Section        0  __rtentry2.o(.ARM.Collect$$rtentry$$00000002)
    .ARM.Collect$$rtentry$$00000004          0x08000284   Section        6  __rtentry4.o(.ARM.Collect$$rtentry$$00000004)
    .ARM.Collect$$rtentry$$00000009          0x0800028a   Section        0  __rtentry2.o(.ARM.Collect$$rtentry$$00000009)
    .ARM.Collect$$rtentry$$0000000A          0x0800028a   Section        4  __rtentry2.o(.ARM.Collect$$rtentry$$0000000A)
    .ARM.Collect$$rtentry$$0000000C          0x0800028e   Section        0  __rtentry2.o(.ARM.Collect$$rtentry$$0000000C)
    .ARM.Collect$$rtentry$$0000000D          0x0800028e   Section        8  __rtentry2.o(.ARM.Collect$$rtentry$$0000000D)
    .ARM.Collect$$rtexit$$00000000           0x08000296   Section        2  rtexit.o(.ARM.Collect$$rtexit$$00000000)
    .ARM.Collect$$rtexit$$00000002           0x08000298   Section        0  rtexit2.o(.ARM.Collect$$rtexit$$00000002)
    .ARM.Collect$$rtexit$$00000003           0x08000298   Section        4  rtexit2.o(.ARM.Collect$$rtexit$$00000003)
    .ARM.Collect$$rtexit$$00000004           0x0800029c   Section        6  rtexit2.o(.ARM.Collect$$rtexit$$00000004)
    $v0                                      0x080002a4   Number         0  startup_stm32g431xx.o(.text)
    .text                                    0x080002a4   Section       64  startup_stm32g431xx.o(.text)
    .text                                    0x080002e4   Section      240  lludivv7m.o(.text)
    .text                                    0x080003d4   Section       78  rt_memclr_w.o(.text)
    .text                                    0x08000422   Section        0  heapauxi.o(.text)
    .text                                    0x08000428   Section        8  libspace.o(.text)
    .text                                    0x08000430   Section       74  sys_stackheap_outer.o(.text)
    .text                                    0x0800047a   Section        0  exit.o(.text)
    .text                                    0x0800048c   Section        0  sys_exit.o(.text)
    .text                                    0x08000498   Section        2  use_no_semi.o(.text)
    .text                                    0x0800049a   Section        0  indicate_semi.o(.text)
    [Anonymous Symbol]                       0x0800049c   Section        0  stm32g4xx_it.o(.text.BusFault_Handler)
    [Anonymous Symbol]                       0x080004a0   Section        0  foc_drv.o(.text.Calculate_SVPWM)
    [Anonymous Symbol]                       0x08000698   Section        0  math_drv.o(.text.Calculate_Sin_Cos)
    [Anonymous Symbol]                       0x080007a8   Section        0  stm32g4xx_it.o(.text.DMA1_Channel1_IRQHandler)
    [Anonymous Symbol]                       0x080007b4   Section        0  stm32g4xx_it.o(.text.DebugMon_Handler)
    [Anonymous Symbol]                       0x080007b8   Section        0  stm32g4xx_it.o(.text.EXTI15_10_IRQHandler)
    [Anonymous Symbol]                       0x080007c0   Section        0  eangle_drv.o(.text.Electrical_Angle_Generator)
    [Anonymous Symbol]                       0x08000814   Section        0  main.o(.text.Error_Handler)
    [Anonymous Symbol]                       0x08000820   Section        0  stm32g4xx_hal_adc_ex.o(.text.HAL_ADCEx_MultiModeConfigChannel)
    [Anonymous Symbol]                       0x080008e0   Section        0  stm32g4xx_hal_adc.o(.text.HAL_ADC_ConfigChannel)
    [Anonymous Symbol]                       0x08000c7c   Section        0  stm32g4xx_hal_adc.o(.text.HAL_ADC_Init)
    [Anonymous Symbol]                       0x08000ea4   Section        0  adc.o(.text.HAL_ADC_MspInit)
    [Anonymous Symbol]                       0x08000f70   Section        0  stm32g4xx_hal_dma.o(.text.HAL_DMA_IRQHandler)
    [Anonymous Symbol]                       0x0800101c   Section        0  stm32g4xx_hal_dma.o(.text.HAL_DMA_Init)
    [Anonymous Symbol]                       0x08001140   Section        0  stm32g4xx_hal.o(.text.HAL_Delay)
    [Anonymous Symbol]                       0x08001168   Section        0  stm32g4xx_hal_gpio.o(.text.HAL_GPIO_EXTI_Callback)
    [Anonymous Symbol]                       0x0800116c   Section        0  stm32g4xx_hal_gpio.o(.text.HAL_GPIO_EXTI_IRQHandler)
    [Anonymous Symbol]                       0x08001184   Section        0  stm32g4xx_hal_gpio.o(.text.HAL_GPIO_Init)
    [Anonymous Symbol]                       0x08001364   Section        0  stm32g4xx_hal_gpio.o(.text.HAL_GPIO_WritePin)
    [Anonymous Symbol]                       0x08001370   Section        0  stm32g4xx_hal.o(.text.HAL_GetTick)
    [Anonymous Symbol]                       0x0800137c   Section        0  stm32g4xx_hal_i2c_ex.o(.text.HAL_I2CEx_ConfigAnalogFilter)
    [Anonymous Symbol]                       0x080013c8   Section        0  stm32g4xx_hal_i2c_ex.o(.text.HAL_I2CEx_ConfigDigitalFilter)
    [Anonymous Symbol]                       0x08001410   Section        0  stm32g4xx_hal_i2c.o(.text.HAL_I2C_Init)
    [Anonymous Symbol]                       0x080014c0   Section        0  i2c.o(.text.HAL_I2C_MspInit)
    [Anonymous Symbol]                       0x08001550   Section        0  stm32g4xx_hal.o(.text.HAL_IncTick)
    [Anonymous Symbol]                       0x0800156c   Section        0  stm32g4xx_hal.o(.text.HAL_Init)
    [Anonymous Symbol]                       0x0800158c   Section        0  stm32g4xx_hal.o(.text.HAL_InitTick)
    [Anonymous Symbol]                       0x080015dc   Section        0  stm32g4xx_hal_msp.o(.text.HAL_MspInit)
    [Anonymous Symbol]                       0x08001610   Section        0  stm32g4xx_hal_cortex.o(.text.HAL_NVIC_EnableIRQ)
    [Anonymous Symbol]                       0x08001634   Section        0  stm32g4xx_hal_cortex.o(.text.HAL_NVIC_SetPriority)
    [Anonymous Symbol]                       0x0800168c   Section        0  stm32g4xx_hal_cortex.o(.text.HAL_NVIC_SetPriorityGrouping)
    [Anonymous Symbol]                       0x080016ac   Section        0  usbd_conf.o(.text.HAL_PCDEx_LPM_Callback)
    [Anonymous Symbol]                       0x080016fc   Section        0  usbd_conf.o(.text.HAL_PCD_DataInStageCallback)
    [Anonymous Symbol]                       0x08001710   Section        0  usbd_conf.o(.text.HAL_PCD_DataOutStageCallback)
    [Anonymous Symbol]                       0x08001728   Section        0  stm32g4xx_hal_pcd.o(.text.HAL_PCD_EP_ClrStall)
    [Anonymous Symbol]                       0x08001788   Section        0  stm32g4xx_hal_pcd.o(.text.HAL_PCD_EP_Open)
    [Anonymous Symbol]                       0x080017e8   Section        0  stm32g4xx_hal_pcd.o(.text.HAL_PCD_EP_Receive)
    [Anonymous Symbol]                       0x0800181c   Section        0  stm32g4xx_hal_pcd.o(.text.HAL_PCD_EP_SetStall)
    [Anonymous Symbol]                       0x08001880   Section        0  stm32g4xx_hal_pcd.o(.text.HAL_PCD_EP_Transmit)
    [Anonymous Symbol]                       0x080018b8   Section        0  stm32g4xx_hal_pcd.o(.text.HAL_PCD_IRQHandler)
    [Anonymous Symbol]                       0x080021e8   Section        0  usbd_conf.o(.text.HAL_PCD_ResetCallback)
    [Anonymous Symbol]                       0x0800220c   Section        0  usbd_conf.o(.text.HAL_PCD_ResumeCallback)
    [Anonymous Symbol]                       0x08002234   Section        0  usbd_conf.o(.text.HAL_PCD_SOFCallback)
    [Anonymous Symbol]                       0x0800223c   Section        0  stm32g4xx_hal_pcd.o(.text.HAL_PCD_SetAddress)
    [Anonymous Symbol]                       0x08002264   Section        0  usbd_conf.o(.text.HAL_PCD_SetupStageCallback)
    [Anonymous Symbol]                       0x08002274   Section        0  usbd_conf.o(.text.HAL_PCD_SuspendCallback)
    [Anonymous Symbol]                       0x0800229c   Section        0  stm32g4xx_hal_pwr_ex.o(.text.HAL_PWREx_ControlVoltageScaling)
    [Anonymous Symbol]                       0x080023ac   Section        0  stm32g4xx_hal_pwr_ex.o(.text.HAL_PWREx_DisableUCPDDeadBattery)
    [Anonymous Symbol]                       0x080023c0   Section        0  stm32g4xx_hal_rcc_ex.o(.text.HAL_RCCEx_PeriphCLKConfig)
    [Anonymous Symbol]                       0x0800262c   Section        0  stm32g4xx_hal_rcc.o(.text.HAL_RCC_ClockConfig)
    [Anonymous Symbol]                       0x08002930   Section        0  stm32g4xx_hal_rcc.o(.text.HAL_RCC_GetPCLK1Freq)
    [Anonymous Symbol]                       0x0800295c   Section        0  stm32g4xx_hal_rcc.o(.text.HAL_RCC_GetPCLK2Freq)
    [Anonymous Symbol]                       0x08002988   Section        0  stm32g4xx_hal_rcc.o(.text.HAL_RCC_GetSysClockFreq)
    [Anonymous Symbol]                       0x08002a0c   Section        0  stm32g4xx_hal_rcc.o(.text.HAL_RCC_OscConfig)
    [Anonymous Symbol]                       0x08002edc   Section        0  stm32g4xx_hal_spi.o(.text.HAL_SPI_Init)
    [Anonymous Symbol]                       0x08002fc0   Section        0  spi.o(.text.HAL_SPI_MspInit)
    [Anonymous Symbol]                       0x08003030   Section        0  stm32g4xx_hal_cortex.o(.text.HAL_SYSTICK_Config)
    [Anonymous Symbol]                       0x0800305c   Section        0  stm32g4xx_hal_tim_ex.o(.text.HAL_TIMEx_ConfigBreakDeadTime)
    [Anonymous Symbol]                       0x08003124   Section        0  stm32g4xx_hal_tim_ex.o(.text.HAL_TIMEx_MasterConfigSynchronization)
    [Anonymous Symbol]                       0x080031cc   Section        0  stm32g4xx_hal_tim_ex.o(.text.HAL_TIMEx_PWMN_Start)
    [Anonymous Symbol]                       0x080032b4   Section        0  stm32g4xx_hal_tim.o(.text.HAL_TIM_Base_Init)
    [Anonymous Symbol]                       0x08003318   Section        0  tim.o(.text.HAL_TIM_Base_MspInit)
    [Anonymous Symbol]                       0x08003348   Section        0  stm32g4xx_hal_tim.o(.text.HAL_TIM_ConfigClockSource)
    [Anonymous Symbol]                       0x0800357c   Section        0  tim.o(.text.HAL_TIM_MspPostInit)
    [Anonymous Symbol]                       0x08003628   Section        0  stm32g4xx_hal_tim.o(.text.HAL_TIM_PWM_ConfigChannel)
    [Anonymous Symbol]                       0x080039fc   Section        0  stm32g4xx_hal_tim.o(.text.HAL_TIM_PWM_Init)
    [Anonymous Symbol]                       0x08003a60   Section        0  stm32g4xx_hal_tim.o(.text.HAL_TIM_PWM_MspInit)
    [Anonymous Symbol]                       0x08003a64   Section        0  stm32g4xx_hal_tim.o(.text.HAL_TIM_PWM_Start)
    [Anonymous Symbol]                       0x08003bd0   Section        0  stm32g4xx_hal_uart_ex.o(.text.HAL_UARTEx_DisableFifoMode)
    [Anonymous Symbol]                       0x08003c08   Section        0  stm32g4xx_hal_uart_ex.o(.text.HAL_UARTEx_SetRxFifoThreshold)
    [Anonymous Symbol]                       0x08003c94   Section        0  stm32g4xx_hal_uart_ex.o(.text.HAL_UARTEx_SetTxFifoThreshold)
    [Anonymous Symbol]                       0x08003d20   Section        0  stm32g4xx_hal_uart.o(.text.HAL_UART_Init)
    [Anonymous Symbol]                       0x08003d84   Section        0  usart.o(.text.HAL_UART_MspInit)
    [Anonymous Symbol]                       0x08003e50   Section        0  stm32g4xx_it.o(.text.HardFault_Handler)
    [Anonymous Symbol]                       0x08003e54   Section        0  foc_drv.o(.text.IPark_Transform)
    [Anonymous Symbol]                       0x08003e88   Section        0  adc.o(.text.MX_ADC1_Init)
    [Anonymous Symbol]                       0x08003fa8   Section        0  dma.o(.text.MX_DMA_Init)
    [Anonymous Symbol]                       0x08003ff0   Section        0  gpio.o(.text.MX_GPIO_Init)
    [Anonymous Symbol]                       0x08004140   Section        0  i2c.o(.text.MX_I2C2_Init)
    [Anonymous Symbol]                       0x080041ac   Section        0  spi.o(.text.MX_SPI1_Init)
    [Anonymous Symbol]                       0x08004200   Section        0  tim.o(.text.MX_TIM1_Init)
    [Anonymous Symbol]                       0x08004350   Section        0  usart.o(.text.MX_USART1_UART_Init)
    [Anonymous Symbol]                       0x080043d4   Section        0  stm32g4xx_it.o(.text.MemManage_Handler)
    [Anonymous Symbol]                       0x080043d8   Section        0  motor_publicdata.o(.text.Motor_Struct_Init)
    [Anonymous Symbol]                       0x080045fc   Section        0  stm32g4xx_it.o(.text.NMI_Handler)
    [Anonymous Symbol]                       0x08004600   Section        0  stm32g4xx_it.o(.text.PendSV_Handler)
    [Anonymous Symbol]                       0x08004604   Section        0  stm32g4xx_it.o(.text.SVC_Handler)
    [Anonymous Symbol]                       0x08004608   Section        0  stm32g4xx_it.o(.text.SysTick_Handler)
    [Anonymous Symbol]                       0x0800460c   Section        0  main.o(.text.SystemClock_Config)
    [Anonymous Symbol]                       0x0800467c   Section        0  system_stm32g4xx.o(.text.SystemInit)
    [Anonymous Symbol]                       0x08004690   Section        0  stm32g4xx_hal_tim.o(.text.TIM_Base_SetConfig)
    [Anonymous Symbol]                       0x080047c0   Section        0  stm32g4xx_hal_uart.o(.text.UART_AdvFeatureConfig)
    [Anonymous Symbol]                       0x080048a8   Section        0  stm32g4xx_hal_uart.o(.text.UART_CheckIdleState)
    [Anonymous Symbol]                       0x08004a14   Section        0  stm32g4xx_hal_uart.o(.text.UART_SetConfig)
    [Anonymous Symbol]                       0x08004cac   Section        0  stm32g4xx_hal_uart.o(.text.UART_WaitOnFlagUntilTimeout)
    [Anonymous Symbol]                       0x08004fe4   Section        0  usbd_core.o(.text.USBD_ClrClassConfig)
    [Anonymous Symbol]                       0x08004ff8   Section        0  usbd_ioreq.o(.text.USBD_CtlContinueRx)
    [Anonymous Symbol]                       0x08005008   Section        0  usbd_ioreq.o(.text.USBD_CtlContinueSendData)
    [Anonymous Symbol]                       0x08005018   Section        0  usbd_ioreq.o(.text.USBD_CtlReceiveStatus)
    [Anonymous Symbol]                       0x08005030   Section        0  usbd_ioreq.o(.text.USBD_CtlSendData)
    [Anonymous Symbol]                       0x0800504c   Section        0  usbd_ioreq.o(.text.USBD_CtlSendStatus)
    [Anonymous Symbol]                       0x08005064   Section        0  usbd_conf.o(.text.USBD_LL_ClearStallEP)
    [Anonymous Symbol]                       0x08005088   Section        0  usbd_core.o(.text.USBD_LL_DataInStage)
    [Anonymous Symbol]                       0x08005130   Section        0  usbd_core.o(.text.USBD_LL_DataOutStage)
    [Anonymous Symbol]                       0x08005194   Section        0  usbd_conf.o(.text.USBD_LL_IsStallEP)
    [Anonymous Symbol]                       0x080051c0   Section        0  usbd_conf.o(.text.USBD_LL_OpenEP)
    [Anonymous Symbol]                       0x080051e8   Section        0  usbd_conf.o(.text.USBD_LL_PrepareReceive)
    [Anonymous Symbol]                       0x0800520c   Section        0  usbd_core.o(.text.USBD_LL_Reset)
    [Anonymous Symbol]                       0x08005270   Section        0  usbd_core.o(.text.USBD_LL_Resume)
    [Anonymous Symbol]                       0x08005284   Section        0  usbd_core.o(.text.USBD_LL_SOF)
    [Anonymous Symbol]                       0x080052a8   Section        0  usbd_core.o(.text.USBD_LL_SetSpeed)
    [Anonymous Symbol]                       0x080052b0   Section        0  usbd_conf.o(.text.USBD_LL_SetUSBAddress)
    [Anonymous Symbol]                       0x080052d4   Section        0  usbd_core.o(.text.USBD_LL_SetupStage)
    [Anonymous Symbol]                       0x08005334   Section        0  usbd_conf.o(.text.USBD_LL_StallEP)
    [Anonymous Symbol]                       0x08005358   Section        0  usbd_core.o(.text.USBD_LL_Suspend)
    [Anonymous Symbol]                       0x0800536c   Section        0  usbd_conf.o(.text.USBD_LL_Transmit)
    [Anonymous Symbol]                       0x08005390   Section        0  usbd_ctlreq.o(.text.USBD_ParseSetupRequest)
    [Anonymous Symbol]                       0x080053a8   Section        0  usbd_core.o(.text.USBD_SetClassConfig)
    [Anonymous Symbol]                       0x080053b8   Section        0  usbd_ctlreq.o(.text.USBD_StdDevReq)
    [Anonymous Symbol]                       0x08005700   Section        0  usbd_ctlreq.o(.text.USBD_StdEPReq)
    [Anonymous Symbol]                       0x08005834   Section        0  usbd_ctlreq.o(.text.USBD_StdItfReq)
    [Anonymous Symbol]                       0x0800588c   Section        0  stm32g4xx_ll_usb.o(.text.USB_ActivateEndpoint)
    [Anonymous Symbol]                       0x08005bb4   Section        0  stm32g4xx_ll_usb.o(.text.USB_EPClearStall)
    [Anonymous Symbol]                       0x08005c2c   Section        0  stm32g4xx_ll_usb.o(.text.USB_EPSetStall)
    [Anonymous Symbol]                       0x08005c60   Section        0  stm32g4xx_ll_usb.o(.text.USB_EPStartXfer)
    [Anonymous Symbol]                       0x080062e0   Section        0  stm32g4xx_it.o(.text.USB_HP_IRQHandler)
    [Anonymous Symbol]                       0x080062ec   Section        0  stm32g4xx_it.o(.text.USB_LP_IRQHandler)
    [Anonymous Symbol]                       0x080062f8   Section        0  stm32g4xx_ll_usb.o(.text.USB_ReadInterrupts)
    [Anonymous Symbol]                       0x08006300   Section        0  stm32g4xx_ll_usb.o(.text.USB_ReadPMA)
    [Anonymous Symbol]                       0x0800639c   Section        0  stm32g4xx_ll_usb.o(.text.USB_SetDevAddress)
    [Anonymous Symbol]                       0x080063ac   Section        0  stm32g4xx_ll_usb.o(.text.USB_WritePMA)
    [Anonymous Symbol]                       0x08006444   Section        0  stm32g4xx_it.o(.text.UsageFault_Handler)
    [Anonymous Symbol]                       0x08006448   Section        0  main.o(.text.main)
    $v0                                      0x080065ec   Number         0  fpinit.o(x$fpl$fpinit)
    x$fpl$fpinit                             0x080065ec   Section       26  fpinit.o(x$fpl$fpinit)
    .Lswitch.table.UART_SetConfig.4          0x08007638   Data          16  stm32g4xx_hal_uart.o(.rodata.cst16)
    UARTEx_SetNbDataToProcess.numerator      0x08007648   Data           8  stm32g4xx_hal_uart_ex.o(.rodata.cst8)
    [Anonymous Symbol]                       0x08007648   Section        0  stm32g4xx_hal_uart_ex.o(.rodata.cst8)
    UARTEx_SetNbDataToProcess.denominator    0x08007650   Data           8  stm32g4xx_hal_uart_ex.o(.rodata.cst8)
    .L_MergedGlobals                         0x20000000   Data           8  stm32g4xx_hal.o(.data..L_MergedGlobals)
    [Anonymous Symbol]                       0x20000000   Section        0  stm32g4xx_hal.o(.data..L_MergedGlobals)
    .bss                                     0x20000010   Section       96  libspace.o(.bss)
    USBD_SetConfig.cfgidx                    0x200004b0   Data           1  usbd_ctlreq.o(.bss.USBD_SetConfig.cfgidx)
    [Anonymous Symbol]                       0x200004b0   Section        0  usbd_ctlreq.o(.bss.USBD_SetConfig.cfgidx)
    Heap_Mem                                 0x20000a58   Data         512  startup_stm32g431xx.o(HEAP)
    HEAP                                     0x20000a58   Section      512  startup_stm32g431xx.o(HEAP)
    Stack_Mem                                0x20000c58   Data        1024  startup_stm32g431xx.o(STACK)
    STACK                                    0x20000c58   Section     1024  startup_stm32g431xx.o(STACK)
    __initial_sp                             0x20001058   Data           0  startup_stm32g431xx.o(STACK)

    Global Symbols

    Symbol Name                              Value     Ov Type        Size  Object(Section)

    BuildAttributes$$THM_ISAv4$E$P$D$K$B$S$7EM$VFPi3$EXTD16$VFPS$VFMA$PE$A:L22UL41UL21$X:L11$S22US41US21$IEEE1$IW$~IW$USESV6$~STKCKD$USESV7$~SHL$OTIME$ROPI$IEEEX$EBA8$UX$STANDARDLIB$REQ8$PRES8$EABIv2 0x00000000   Number         0  anon$$obj.o ABSOLUTE
    __ARM_exceptions_init                     - Undefined Weak Reference
    __alloca_initialize                       - Undefined Weak Reference
    __arm_preinit_                            - Undefined Weak Reference
    __arm_relocate_pie_                       - Undefined Weak Reference
    __cpp_initialize__aeabi_                  - Undefined Weak Reference
    __cxa_finalize                            - Undefined Weak Reference
    __rt_locale                               - Undefined Weak Reference
    __sigvec_lookup                           - Undefined Weak Reference
    _atexit_init                              - Undefined Weak Reference
    _call_atexit_fns                          - Undefined Weak Reference
    _clock_init                               - Undefined Weak Reference
    _fp_trap_init                             - Undefined Weak Reference
    _fp_trap_shutdown                         - Undefined Weak Reference
    _get_lc_collate                           - Undefined Weak Reference
    _get_lc_ctype                             - Undefined Weak Reference
    _get_lc_monetary                          - Undefined Weak Reference
    _get_lc_numeric                           - Undefined Weak Reference
    _get_lc_time                              - Undefined Weak Reference
    _getenv_init                              - Undefined Weak Reference
    _handle_redirection                       - Undefined Weak Reference
    _init_alloc                               - Undefined Weak Reference
    _init_user_alloc                          - Undefined Weak Reference
    _initio                                   - Undefined Weak Reference
    _rand_init                                - Undefined Weak Reference
    _signal_finish                            - Undefined Weak Reference
    _signal_init                              - Undefined Weak Reference
    _terminate_alloc                          - Undefined Weak Reference
    _terminate_user_alloc                     - Undefined Weak Reference
    _terminateio                              - Undefined Weak Reference
    __Vectors_Size                           0x000001d8   Number         0  startup_stm32g431xx.o ABSOLUTE
    __Vectors                                0x08000000   Data           4  startup_stm32g431xx.o(RESET)
    __Vectors_End                            0x080001d8   Data           0  startup_stm32g431xx.o(RESET)
    __main                                   0x080001d9   Thumb Code     8  __main.o(!!!main)
    __scatterload                            0x080001e1   Thumb Code     0  __scatter.o(!!!scatter)
    __scatterload_rt2                        0x080001e1   Thumb Code    84  __scatter.o(!!!scatter)
    __scatterload_rt2_thumb_only             0x080001e1   Thumb Code     0  __scatter.o(!!!scatter)
    __scatterload_loop                       0x080001eb   Thumb Code     0  __scatter.o(!!!scatter)
    __scatterload_copy                       0x0800023d   Thumb Code    26  __scatter_copy.o(!!handler_copy)
    __scatterload_null                       0x08000259   Thumb Code     2  __scatter.o(!!handler_null)
    __scatterload_zeroinit                   0x0800025d   Thumb Code    28  __scatter_zi.o(!!handler_zi)
    __rt_lib_init                            0x08000279   Thumb Code     0  libinit.o(.ARM.Collect$$libinit$$00000000)
    __rt_lib_init_fp_1                       0x0800027b   Thumb Code     0  libinit2.o(.ARM.Collect$$libinit$$00000001)
    __rt_lib_init_alloca_1                   0x0800027f   Thumb Code     0  libinit2.o(.ARM.Collect$$libinit$$00000030)
    __rt_lib_init_argv_1                     0x0800027f   Thumb Code     0  libinit2.o(.ARM.Collect$$libinit$$0000002E)
    __rt_lib_init_atexit_1                   0x0800027f   Thumb Code     0  libinit2.o(.ARM.Collect$$libinit$$0000001D)
    __rt_lib_init_clock_1                    0x0800027f   Thumb Code     0  libinit2.o(.ARM.Collect$$libinit$$00000023)
    __rt_lib_init_cpp_1                      0x0800027f   Thumb Code     0  libinit2.o(.ARM.Collect$$libinit$$00000034)
    __rt_lib_init_exceptions_1               0x0800027f   Thumb Code     0  libinit2.o(.ARM.Collect$$libinit$$00000032)
    __rt_lib_init_fp_trap_1                  0x0800027f   Thumb Code     0  libinit2.o(.ARM.Collect$$libinit$$00000021)
    __rt_lib_init_getenv_1                   0x0800027f   Thumb Code     0  libinit2.o(.ARM.Collect$$libinit$$00000025)
    __rt_lib_init_heap_1                     0x0800027f   Thumb Code     0  libinit2.o(.ARM.Collect$$libinit$$0000000C)
    __rt_lib_init_lc_collate_1               0x0800027f   Thumb Code     0  libinit2.o(.ARM.Collect$$libinit$$00000013)
    __rt_lib_init_lc_ctype_1                 0x0800027f   Thumb Code     0  libinit2.o(.ARM.Collect$$libinit$$00000015)
    __rt_lib_init_lc_monetary_1              0x0800027f   Thumb Code     0  libinit2.o(.ARM.Collect$$libinit$$00000017)
    __rt_lib_init_lc_numeric_1               0x0800027f   Thumb Code     0  libinit2.o(.ARM.Collect$$libinit$$00000019)
    __rt_lib_init_lc_time_1                  0x0800027f   Thumb Code     0  libinit2.o(.ARM.Collect$$libinit$$0000001B)
    __rt_lib_init_preinit_1                  0x0800027f   Thumb Code     0  libinit2.o(.ARM.Collect$$libinit$$00000006)
    __rt_lib_init_rand_1                     0x0800027f   Thumb Code     0  libinit2.o(.ARM.Collect$$libinit$$00000010)
    __rt_lib_init_relocate_pie_1             0x0800027f   Thumb Code     0  libinit2.o(.ARM.Collect$$libinit$$00000004)
    __rt_lib_init_return                     0x0800027f   Thumb Code     0  libinit2.o(.ARM.Collect$$libinit$$00000035)
    __rt_lib_init_signal_1                   0x0800027f   Thumb Code     0  libinit2.o(.ARM.Collect$$libinit$$0000001F)
    __rt_lib_init_stdio_1                    0x0800027f   Thumb Code     0  libinit2.o(.ARM.Collect$$libinit$$00000027)
    __rt_lib_init_user_alloc_1               0x0800027f   Thumb Code     0  libinit2.o(.ARM.Collect$$libinit$$0000000E)
    __rt_lib_shutdown                        0x08000281   Thumb Code     0  libshutdown.o(.ARM.Collect$$libshutdown$$00000000)
    __rt_lib_shutdown_cpp_1                  0x08000283   Thumb Code     0  libshutdown2.o(.ARM.Collect$$libshutdown$$00000002)
    __rt_lib_shutdown_fp_trap_1              0x08000283   Thumb Code     0  libshutdown2.o(.ARM.Collect$$libshutdown$$00000007)
    __rt_lib_shutdown_heap_1                 0x08000283   Thumb Code     0  libshutdown2.o(.ARM.Collect$$libshutdown$$0000000F)
    __rt_lib_shutdown_return                 0x08000283   Thumb Code     0  libshutdown2.o(.ARM.Collect$$libshutdown$$00000010)
    __rt_lib_shutdown_signal_1               0x08000283   Thumb Code     0  libshutdown2.o(.ARM.Collect$$libshutdown$$0000000A)
    __rt_lib_shutdown_stdio_1                0x08000283   Thumb Code     0  libshutdown2.o(.ARM.Collect$$libshutdown$$00000004)
    __rt_lib_shutdown_user_alloc_1           0x08000283   Thumb Code     0  libshutdown2.o(.ARM.Collect$$libshutdown$$0000000C)
    __rt_entry                               0x08000285   Thumb Code     0  __rtentry.o(.ARM.Collect$$rtentry$$00000000)
    __rt_entry_presh_1                       0x08000285   Thumb Code     0  __rtentry2.o(.ARM.Collect$$rtentry$$00000002)
    __rt_entry_sh                            0x08000285   Thumb Code     0  __rtentry4.o(.ARM.Collect$$rtentry$$00000004)
    __rt_entry_li                            0x0800028b   Thumb Code     0  __rtentry2.o(.ARM.Collect$$rtentry$$0000000A)
    __rt_entry_postsh_1                      0x0800028b   Thumb Code     0  __rtentry2.o(.ARM.Collect$$rtentry$$00000009)
    __rt_entry_main                          0x0800028f   Thumb Code     0  __rtentry2.o(.ARM.Collect$$rtentry$$0000000D)
    __rt_entry_postli_1                      0x0800028f   Thumb Code     0  __rtentry2.o(.ARM.Collect$$rtentry$$0000000C)
    __rt_exit                                0x08000297   Thumb Code     0  rtexit.o(.ARM.Collect$$rtexit$$00000000)
    __rt_exit_ls                             0x08000299   Thumb Code     0  rtexit2.o(.ARM.Collect$$rtexit$$00000003)
    __rt_exit_prels_1                        0x08000299   Thumb Code     0  rtexit2.o(.ARM.Collect$$rtexit$$00000002)
    __rt_exit_exit                           0x0800029d   Thumb Code     0  rtexit2.o(.ARM.Collect$$rtexit$$00000004)
    Reset_Handler                            0x080002a5   Thumb Code     8  startup_stm32g431xx.o(.text)
    ADC1_2_IRQHandler                        0x080002bf   Thumb Code     0  startup_stm32g431xx.o(.text)
    COMP1_2_3_IRQHandler                     0x080002bf   Thumb Code     0  startup_stm32g431xx.o(.text)
    COMP4_IRQHandler                         0x080002bf   Thumb Code     0  startup_stm32g431xx.o(.text)
    CORDIC_IRQHandler                        0x080002bf   Thumb Code     0  startup_stm32g431xx.o(.text)
    CRS_IRQHandler                           0x080002bf   Thumb Code     0  startup_stm32g431xx.o(.text)
    DMA1_Channel2_IRQHandler                 0x080002bf   Thumb Code     0  startup_stm32g431xx.o(.text)
    DMA1_Channel3_IRQHandler                 0x080002bf   Thumb Code     0  startup_stm32g431xx.o(.text)
    DMA1_Channel4_IRQHandler                 0x080002bf   Thumb Code     0  startup_stm32g431xx.o(.text)
    DMA1_Channel5_IRQHandler                 0x080002bf   Thumb Code     0  startup_stm32g431xx.o(.text)
    DMA1_Channel6_IRQHandler                 0x080002bf   Thumb Code     0  startup_stm32g431xx.o(.text)
    DMA2_Channel1_IRQHandler                 0x080002bf   Thumb Code     0  startup_stm32g431xx.o(.text)
    DMA2_Channel2_IRQHandler                 0x080002bf   Thumb Code     0  startup_stm32g431xx.o(.text)
    DMA2_Channel3_IRQHandler                 0x080002bf   Thumb Code     0  startup_stm32g431xx.o(.text)
    DMA2_Channel4_IRQHandler                 0x080002bf   Thumb Code     0  startup_stm32g431xx.o(.text)
    DMA2_Channel5_IRQHandler                 0x080002bf   Thumb Code     0  startup_stm32g431xx.o(.text)
    DMA2_Channel6_IRQHandler                 0x080002bf   Thumb Code     0  startup_stm32g431xx.o(.text)
    DMAMUX_OVR_IRQHandler                    0x080002bf   Thumb Code     0  startup_stm32g431xx.o(.text)
    EXTI0_IRQHandler                         0x080002bf   Thumb Code     0  startup_stm32g431xx.o(.text)
    EXTI1_IRQHandler                         0x080002bf   Thumb Code     0  startup_stm32g431xx.o(.text)
    EXTI2_IRQHandler                         0x080002bf   Thumb Code     0  startup_stm32g431xx.o(.text)
    EXTI3_IRQHandler                         0x080002bf   Thumb Code     0  startup_stm32g431xx.o(.text)
    EXTI4_IRQHandler                         0x080002bf   Thumb Code     0  startup_stm32g431xx.o(.text)
    EXTI9_5_IRQHandler                       0x080002bf   Thumb Code     0  startup_stm32g431xx.o(.text)
    FDCAN1_IT0_IRQHandler                    0x080002bf   Thumb Code     0  startup_stm32g431xx.o(.text)
    FDCAN1_IT1_IRQHandler                    0x080002bf   Thumb Code     0  startup_stm32g431xx.o(.text)
    FLASH_IRQHandler                         0x080002bf   Thumb Code     0  startup_stm32g431xx.o(.text)
    FMAC_IRQHandler                          0x080002bf   Thumb Code     0  startup_stm32g431xx.o(.text)
    FPU_IRQHandler                           0x080002bf   Thumb Code     0  startup_stm32g431xx.o(.text)
    I2C1_ER_IRQHandler                       0x080002bf   Thumb Code     0  startup_stm32g431xx.o(.text)
    I2C1_EV_IRQHandler                       0x080002bf   Thumb Code     0  startup_stm32g431xx.o(.text)
    I2C2_ER_IRQHandler                       0x080002bf   Thumb Code     0  startup_stm32g431xx.o(.text)
    I2C2_EV_IRQHandler                       0x080002bf   Thumb Code     0  startup_stm32g431xx.o(.text)
    I2C3_ER_IRQHandler                       0x080002bf   Thumb Code     0  startup_stm32g431xx.o(.text)
    I2C3_EV_IRQHandler                       0x080002bf   Thumb Code     0  startup_stm32g431xx.o(.text)
    LPTIM1_IRQHandler                        0x080002bf   Thumb Code     0  startup_stm32g431xx.o(.text)
    LPUART1_IRQHandler                       0x080002bf   Thumb Code     0  startup_stm32g431xx.o(.text)
    PVD_PVM_IRQHandler                       0x080002bf   Thumb Code     0  startup_stm32g431xx.o(.text)
    RCC_IRQHandler                           0x080002bf   Thumb Code     0  startup_stm32g431xx.o(.text)
    RNG_IRQHandler                           0x080002bf   Thumb Code     0  startup_stm32g431xx.o(.text)
    RTC_Alarm_IRQHandler                     0x080002bf   Thumb Code     0  startup_stm32g431xx.o(.text)
    RTC_TAMP_LSECSS_IRQHandler               0x080002bf   Thumb Code     0  startup_stm32g431xx.o(.text)
    RTC_WKUP_IRQHandler                      0x080002bf   Thumb Code     0  startup_stm32g431xx.o(.text)
    SAI1_IRQHandler                          0x080002bf   Thumb Code     0  startup_stm32g431xx.o(.text)
    SPI1_IRQHandler                          0x080002bf   Thumb Code     0  startup_stm32g431xx.o(.text)
    SPI2_IRQHandler                          0x080002bf   Thumb Code     0  startup_stm32g431xx.o(.text)
    SPI3_IRQHandler                          0x080002bf   Thumb Code     0  startup_stm32g431xx.o(.text)
    TIM1_BRK_TIM15_IRQHandler                0x080002bf   Thumb Code     0  startup_stm32g431xx.o(.text)
    TIM1_CC_IRQHandler                       0x080002bf   Thumb Code     0  startup_stm32g431xx.o(.text)
    TIM1_TRG_COM_TIM17_IRQHandler            0x080002bf   Thumb Code     0  startup_stm32g431xx.o(.text)
    TIM1_UP_TIM16_IRQHandler                 0x080002bf   Thumb Code     0  startup_stm32g431xx.o(.text)
    TIM2_IRQHandler                          0x080002bf   Thumb Code     0  startup_stm32g431xx.o(.text)
    TIM3_IRQHandler                          0x080002bf   Thumb Code     0  startup_stm32g431xx.o(.text)
    TIM4_IRQHandler                          0x080002bf   Thumb Code     0  startup_stm32g431xx.o(.text)
    TIM6_DAC_IRQHandler                      0x080002bf   Thumb Code     0  startup_stm32g431xx.o(.text)
    TIM7_IRQHandler                          0x080002bf   Thumb Code     0  startup_stm32g431xx.o(.text)
    TIM8_BRK_IRQHandler                      0x080002bf   Thumb Code     0  startup_stm32g431xx.o(.text)
    TIM8_CC_IRQHandler                       0x080002bf   Thumb Code     0  startup_stm32g431xx.o(.text)
    TIM8_TRG_COM_IRQHandler                  0x080002bf   Thumb Code     0  startup_stm32g431xx.o(.text)
    TIM8_UP_IRQHandler                       0x080002bf   Thumb Code     0  startup_stm32g431xx.o(.text)
    UART4_IRQHandler                         0x080002bf   Thumb Code     0  startup_stm32g431xx.o(.text)
    UCPD1_IRQHandler                         0x080002bf   Thumb Code     0  startup_stm32g431xx.o(.text)
    USART1_IRQHandler                        0x080002bf   Thumb Code     0  startup_stm32g431xx.o(.text)
    USART2_IRQHandler                        0x080002bf   Thumb Code     0  startup_stm32g431xx.o(.text)
    USART3_IRQHandler                        0x080002bf   Thumb Code     0  startup_stm32g431xx.o(.text)
    USBWakeUp_IRQHandler                     0x080002bf   Thumb Code     0  startup_stm32g431xx.o(.text)
    WWDG_IRQHandler                          0x080002bf   Thumb Code     0  startup_stm32g431xx.o(.text)
    __user_initial_stackheap                 0x080002c1   Thumb Code     0  startup_stm32g431xx.o(.text)
    __aeabi_uldivmod                         0x080002e5   Thumb Code     0  lludivv7m.o(.text)
    _ll_udiv                                 0x080002e5   Thumb Code   240  lludivv7m.o(.text)
    __aeabi_memclr4                          0x080003d5   Thumb Code     0  rt_memclr_w.o(.text)
    __aeabi_memclr8                          0x080003d5   Thumb Code     0  rt_memclr_w.o(.text)
    __rt_memclr_w                            0x080003d5   Thumb Code     0  rt_memclr_w.o(.text)
    _memset_w                                0x080003d9   Thumb Code    74  rt_memclr_w.o(.text)
    __use_two_region_memory                  0x08000423   Thumb Code     2  heapauxi.o(.text)
    __rt_heap_escrow$2region                 0x08000425   Thumb Code     2  heapauxi.o(.text)
    __rt_heap_expand$2region                 0x08000427   Thumb Code     2  heapauxi.o(.text)
    __user_libspace                          0x08000429   Thumb Code     8  libspace.o(.text)
    __user_perproc_libspace                  0x08000429   Thumb Code     0  libspace.o(.text)
    __user_perthread_libspace                0x08000429   Thumb Code     0  libspace.o(.text)
    __user_setup_stackheap                   0x08000431   Thumb Code    74  sys_stackheap_outer.o(.text)
    exit                                     0x0800047b   Thumb Code    18  exit.o(.text)
    _sys_exit                                0x0800048d   Thumb Code     8  sys_exit.o(.text)
    __I$use$semihosting                      0x08000499   Thumb Code     0  use_no_semi.o(.text)
    __use_no_semihosting_swi                 0x08000499   Thumb Code     2  use_no_semi.o(.text)
    __semihosting_library_function           0x0800049b   Thumb Code     0  indicate_semi.o(.text)
    BusFault_Handler                         0x0800049d   Thumb Code     2  stm32g4xx_it.o(.text.BusFault_Handler)
    Calculate_SVPWM                          0x080004a1   Thumb Code   488  foc_drv.o(.text.Calculate_SVPWM)
    Calculate_Sin_Cos                        0x08000699   Thumb Code   264  math_drv.o(.text.Calculate_Sin_Cos)
    DMA1_Channel1_IRQHandler                 0x080007a9   Thumb Code    12  stm32g4xx_it.o(.text.DMA1_Channel1_IRQHandler)
    DebugMon_Handler                         0x080007b5   Thumb Code     2  stm32g4xx_it.o(.text.DebugMon_Handler)
    EXTI15_10_IRQHandler                     0x080007b9   Thumb Code     8  stm32g4xx_it.o(.text.EXTI15_10_IRQHandler)
    Electrical_Angle_Generator               0x080007c1   Thumb Code    80  eangle_drv.o(.text.Electrical_Angle_Generator)
    Error_Handler                            0x08000815   Thumb Code    10  main.o(.text.Error_Handler)
    HAL_ADCEx_MultiModeConfigChannel         0x08000821   Thumb Code   192  stm32g4xx_hal_adc_ex.o(.text.HAL_ADCEx_MultiModeConfigChannel)
    HAL_ADC_ConfigChannel                    0x080008e1   Thumb Code   922  stm32g4xx_hal_adc.o(.text.HAL_ADC_ConfigChannel)
    HAL_ADC_Init                             0x08000c7d   Thumb Code   550  stm32g4xx_hal_adc.o(.text.HAL_ADC_Init)
    HAL_ADC_MspInit                          0x08000ea5   Thumb Code   202  adc.o(.text.HAL_ADC_MspInit)
    HAL_DMA_IRQHandler                       0x08000f71   Thumb Code   170  stm32g4xx_hal_dma.o(.text.HAL_DMA_IRQHandler)
    HAL_DMA_Init                             0x0800101d   Thumb Code   292  stm32g4xx_hal_dma.o(.text.HAL_DMA_Init)
    HAL_Delay                                0x08001141   Thumb Code    40  stm32g4xx_hal.o(.text.HAL_Delay)
    HAL_GPIO_EXTI_Callback                   0x08001169   Thumb Code     2  stm32g4xx_hal_gpio.o(.text.HAL_GPIO_EXTI_Callback)
    HAL_GPIO_EXTI_IRQHandler                 0x0800116d   Thumb Code    22  stm32g4xx_hal_gpio.o(.text.HAL_GPIO_EXTI_IRQHandler)
    HAL_GPIO_Init                            0x08001185   Thumb Code   478  stm32g4xx_hal_gpio.o(.text.HAL_GPIO_Init)
    HAL_GPIO_WritePin                        0x08001365   Thumb Code    12  stm32g4xx_hal_gpio.o(.text.HAL_GPIO_WritePin)
    HAL_GetTick                              0x08001371   Thumb Code    12  stm32g4xx_hal.o(.text.HAL_GetTick)
    HAL_I2CEx_ConfigAnalogFilter             0x0800137d   Thumb Code    74  stm32g4xx_hal_i2c_ex.o(.text.HAL_I2CEx_ConfigAnalogFilter)
    HAL_I2CEx_ConfigDigitalFilter            0x080013c9   Thumb Code    72  stm32g4xx_hal_i2c_ex.o(.text.HAL_I2CEx_ConfigDigitalFilter)
    HAL_I2C_Init                             0x08001411   Thumb Code   176  stm32g4xx_hal_i2c.o(.text.HAL_I2C_Init)
    HAL_I2C_MspInit                          0x080014c1   Thumb Code   144  i2c.o(.text.HAL_I2C_MspInit)
    HAL_IncTick                              0x08001551   Thumb Code    26  stm32g4xx_hal.o(.text.HAL_IncTick)
    HAL_Init                                 0x0800156d   Thumb Code    30  stm32g4xx_hal.o(.text.HAL_Init)
    HAL_InitTick                             0x0800158d   Thumb Code    80  stm32g4xx_hal.o(.text.HAL_InitTick)
    HAL_MspInit                              0x080015dd   Thumb Code    52  stm32g4xx_hal_msp.o(.text.HAL_MspInit)
    HAL_NVIC_EnableIRQ                       0x08001611   Thumb Code    34  stm32g4xx_hal_cortex.o(.text.HAL_NVIC_EnableIRQ)
    HAL_NVIC_SetPriority                     0x08001635   Thumb Code    86  stm32g4xx_hal_cortex.o(.text.HAL_NVIC_SetPriority)
    HAL_NVIC_SetPriorityGrouping             0x0800168d   Thumb Code    32  stm32g4xx_hal_cortex.o(.text.HAL_NVIC_SetPriorityGrouping)
    HAL_PCDEx_LPM_Callback                   0x080016ad   Thumb Code    80  usbd_conf.o(.text.HAL_PCDEx_LPM_Callback)
    HAL_PCD_DataInStageCallback              0x080016fd   Thumb Code    20  usbd_conf.o(.text.HAL_PCD_DataInStageCallback)
    HAL_PCD_DataOutStageCallback             0x08001711   Thumb Code    22  usbd_conf.o(.text.HAL_PCD_DataOutStageCallback)
    HAL_PCD_EP_ClrStall                      0x08001729   Thumb Code    96  stm32g4xx_hal_pcd.o(.text.HAL_PCD_EP_ClrStall)
    HAL_PCD_EP_Open                          0x08001789   Thumb Code    96  stm32g4xx_hal_pcd.o(.text.HAL_PCD_EP_Open)
    HAL_PCD_EP_Receive                       0x080017e9   Thumb Code    50  stm32g4xx_hal_pcd.o(.text.HAL_PCD_EP_Receive)
    HAL_PCD_EP_SetStall                      0x0800181d   Thumb Code   100  stm32g4xx_hal_pcd.o(.text.HAL_PCD_EP_SetStall)
    HAL_PCD_EP_Transmit                      0x08001881   Thumb Code    54  stm32g4xx_hal_pcd.o(.text.HAL_PCD_EP_Transmit)
    HAL_PCD_IRQHandler                       0x080018b9   Thumb Code  2350  stm32g4xx_hal_pcd.o(.text.HAL_PCD_IRQHandler)
    HAL_PCD_ResetCallback                    0x080021e9   Thumb Code    36  usbd_conf.o(.text.HAL_PCD_ResetCallback)
    HAL_PCD_ResumeCallback                   0x0800220d   Thumb Code    40  usbd_conf.o(.text.HAL_PCD_ResumeCallback)
    HAL_PCD_SOFCallback                      0x08002235   Thumb Code     8  usbd_conf.o(.text.HAL_PCD_SOFCallback)
    HAL_PCD_SetAddress                       0x0800223d   Thumb Code    40  stm32g4xx_hal_pcd.o(.text.HAL_PCD_SetAddress)
    HAL_PCD_SetupStageCallback               0x08002265   Thumb Code    14  usbd_conf.o(.text.HAL_PCD_SetupStageCallback)
    HAL_PCD_SuspendCallback                  0x08002275   Thumb Code    38  usbd_conf.o(.text.HAL_PCD_SuspendCallback)
    HAL_PWREx_ControlVoltageScaling          0x0800229d   Thumb Code   270  stm32g4xx_hal_pwr_ex.o(.text.HAL_PWREx_ControlVoltageScaling)
    HAL_PWREx_DisableUCPDDeadBattery         0x080023ad   Thumb Code    18  stm32g4xx_hal_pwr_ex.o(.text.HAL_PWREx_DisableUCPDDeadBattery)
    HAL_RCCEx_PeriphCLKConfig                0x080023c1   Thumb Code   618  stm32g4xx_hal_rcc_ex.o(.text.HAL_RCCEx_PeriphCLKConfig)
    HAL_RCC_ClockConfig                      0x0800262d   Thumb Code   772  stm32g4xx_hal_rcc.o(.text.HAL_RCC_ClockConfig)
    HAL_RCC_GetPCLK1Freq                     0x08002931   Thumb Code    42  stm32g4xx_hal_rcc.o(.text.HAL_RCC_GetPCLK1Freq)
    HAL_RCC_GetPCLK2Freq                     0x0800295d   Thumb Code    42  stm32g4xx_hal_rcc.o(.text.HAL_RCC_GetPCLK2Freq)
    HAL_RCC_GetSysClockFreq                  0x08002989   Thumb Code   130  stm32g4xx_hal_rcc.o(.text.HAL_RCC_GetSysClockFreq)
    HAL_RCC_OscConfig                        0x08002a0d   Thumb Code  1230  stm32g4xx_hal_rcc.o(.text.HAL_RCC_OscConfig)
    HAL_SPI_Init                             0x08002edd   Thumb Code   228  stm32g4xx_hal_spi.o(.text.HAL_SPI_Init)
    HAL_SPI_MspInit                          0x08002fc1   Thumb Code   110  spi.o(.text.HAL_SPI_MspInit)
    HAL_SYSTICK_Config                       0x08003031   Thumb Code    44  stm32g4xx_hal_cortex.o(.text.HAL_SYSTICK_Config)
    HAL_TIMEx_ConfigBreakDeadTime            0x0800305d   Thumb Code   200  stm32g4xx_hal_tim_ex.o(.text.HAL_TIMEx_ConfigBreakDeadTime)
    HAL_TIMEx_MasterConfigSynchronization    0x08003125   Thumb Code   166  stm32g4xx_hal_tim_ex.o(.text.HAL_TIMEx_MasterConfigSynchronization)
    HAL_TIMEx_PWMN_Start                     0x080031cd   Thumb Code   230  stm32g4xx_hal_tim_ex.o(.text.HAL_TIMEx_PWMN_Start)
    HAL_TIM_Base_Init                        0x080032b5   Thumb Code    98  stm32g4xx_hal_tim.o(.text.HAL_TIM_Base_Init)
    HAL_TIM_Base_MspInit                     0x08003319   Thumb Code    48  tim.o(.text.HAL_TIM_Base_MspInit)
    HAL_TIM_ConfigClockSource                0x08003349   Thumb Code   564  stm32g4xx_hal_tim.o(.text.HAL_TIM_ConfigClockSource)
    HAL_TIM_MspPostInit                      0x0800357d   Thumb Code   172  tim.o(.text.HAL_TIM_MspPostInit)
    HAL_TIM_PWM_ConfigChannel                0x08003629   Thumb Code   980  stm32g4xx_hal_tim.o(.text.HAL_TIM_PWM_ConfigChannel)
    HAL_TIM_PWM_Init                         0x080039fd   Thumb Code    98  stm32g4xx_hal_tim.o(.text.HAL_TIM_PWM_Init)
    HAL_TIM_PWM_MspInit                      0x08003a61   Thumb Code     2  stm32g4xx_hal_tim.o(.text.HAL_TIM_PWM_MspInit)
    HAL_TIM_PWM_Start                        0x08003a65   Thumb Code   362  stm32g4xx_hal_tim.o(.text.HAL_TIM_PWM_Start)
    HAL_UARTEx_DisableFifoMode               0x08003bd1   Thumb Code    54  stm32g4xx_hal_uart_ex.o(.text.HAL_UARTEx_DisableFifoMode)
    HAL_UARTEx_SetRxFifoThreshold            0x08003c09   Thumb Code   140  stm32g4xx_hal_uart_ex.o(.text.HAL_UARTEx_SetRxFifoThreshold)
    HAL_UARTEx_SetTxFifoThreshold            0x08003c95   Thumb Code   140  stm32g4xx_hal_uart_ex.o(.text.HAL_UARTEx_SetTxFifoThreshold)
    HAL_UART_Init                            0x08003d21   Thumb Code   100  stm32g4xx_hal_uart.o(.text.HAL_UART_Init)
    HAL_UART_MspInit                         0x08003d85   Thumb Code   204  usart.o(.text.HAL_UART_MspInit)
    HardFault_Handler                        0x08003e51   Thumb Code     2  stm32g4xx_it.o(.text.HardFault_Handler)
    IPark_Transform                          0x08003e55   Thumb Code    50  foc_drv.o(.text.IPark_Transform)
    MX_ADC1_Init                             0x08003e89   Thumb Code   286  adc.o(.text.MX_ADC1_Init)
    MX_DMA_Init                              0x08003fa9   Thumb Code    70  dma.o(.text.MX_DMA_Init)
    MX_GPIO_Init                             0x08003ff1   Thumb Code   334  gpio.o(.text.MX_GPIO_Init)
    MX_I2C2_Init                             0x08004141   Thumb Code   108  i2c.o(.text.MX_I2C2_Init)
    MX_SPI1_Init                             0x080041ad   Thumb Code    82  spi.o(.text.MX_SPI1_Init)
    MX_TIM1_Init                             0x08004201   Thumb Code   336  tim.o(.text.MX_TIM1_Init)
    MX_USART1_UART_Init                      0x08004351   Thumb Code   130  usart.o(.text.MX_USART1_UART_Init)
    MemManage_Handler                        0x080043d5   Thumb Code     2  stm32g4xx_it.o(.text.MemManage_Handler)
    Motor_Struct_Init                        0x080043d9   Thumb Code   546  motor_publicdata.o(.text.Motor_Struct_Init)
    NMI_Handler                              0x080045fd   Thumb Code     2  stm32g4xx_it.o(.text.NMI_Handler)
    PendSV_Handler                           0x08004601   Thumb Code     2  stm32g4xx_it.o(.text.PendSV_Handler)
    SVC_Handler                              0x08004605   Thumb Code     2  stm32g4xx_it.o(.text.SVC_Handler)
    SysTick_Handler                          0x08004609   Thumb Code     4  stm32g4xx_it.o(.text.SysTick_Handler)
    SystemClock_Config                       0x0800460d   Thumb Code   112  main.o(.text.SystemClock_Config)
    SystemInit                               0x0800467d   Thumb Code    18  system_stm32g4xx.o(.text.SystemInit)
    TIM_Base_SetConfig                       0x08004691   Thumb Code   302  stm32g4xx_hal_tim.o(.text.TIM_Base_SetConfig)
    UART_AdvFeatureConfig                    0x080047c1   Thumb Code   230  stm32g4xx_hal_uart.o(.text.UART_AdvFeatureConfig)
    UART_CheckIdleState                      0x080048a9   Thumb Code   362  stm32g4xx_hal_uart.o(.text.UART_CheckIdleState)
    UART_SetConfig                           0x08004a15   Thumb Code   648  stm32g4xx_hal_uart.o(.text.UART_SetConfig)
    UART_WaitOnFlagUntilTimeout              0x08004cad   Thumb Code   822  stm32g4xx_hal_uart.o(.text.UART_WaitOnFlagUntilTimeout)
    USBD_ClrClassConfig                      0x08004fe5   Thumb Code    20  usbd_core.o(.text.USBD_ClrClassConfig)
    USBD_CtlContinueRx                       0x08004ff9   Thumb Code    16  usbd_ioreq.o(.text.USBD_CtlContinueRx)
    USBD_CtlContinueSendData                 0x08005009   Thumb Code    16  usbd_ioreq.o(.text.USBD_CtlContinueSendData)
    USBD_CtlReceiveStatus                    0x08005019   Thumb Code    22  usbd_ioreq.o(.text.USBD_CtlReceiveStatus)
    USBD_CtlSendData                         0x08005031   Thumb Code    26  usbd_ioreq.o(.text.USBD_CtlSendData)
    USBD_CtlSendStatus                       0x0800504d   Thumb Code    22  usbd_ioreq.o(.text.USBD_CtlSendStatus)
    USBD_LL_ClearStallEP                     0x08005065   Thumb Code    34  usbd_conf.o(.text.USBD_LL_ClearStallEP)
    USBD_LL_DataInStage                      0x08005089   Thumb Code   166  usbd_core.o(.text.USBD_LL_DataInStage)
    USBD_LL_DataOutStage                     0x08005131   Thumb Code   100  usbd_core.o(.text.USBD_LL_DataOutStage)
    USBD_LL_IsStallEP                        0x08005195   Thumb Code    42  usbd_conf.o(.text.USBD_LL_IsStallEP)
    USBD_LL_OpenEP                           0x080051c1   Thumb Code    40  usbd_conf.o(.text.USBD_LL_OpenEP)
    USBD_LL_PrepareReceive                   0x080051e9   Thumb Code    34  usbd_conf.o(.text.USBD_LL_PrepareReceive)
    USBD_LL_Reset                            0x0800520d   Thumb Code    98  usbd_core.o(.text.USBD_LL_Reset)
    USBD_LL_Resume                           0x08005271   Thumb Code    20  usbd_core.o(.text.USBD_LL_Resume)
    USBD_LL_SOF                              0x08005285   Thumb Code    36  usbd_core.o(.text.USBD_LL_SOF)
    USBD_LL_SetSpeed                         0x080052a9   Thumb Code     8  usbd_core.o(.text.USBD_LL_SetSpeed)
    USBD_LL_SetUSBAddress                    0x080052b1   Thumb Code    34  usbd_conf.o(.text.USBD_LL_SetUSBAddress)
    USBD_LL_SetupStage                       0x080052d5   Thumb Code    96  usbd_core.o(.text.USBD_LL_SetupStage)
    USBD_LL_StallEP                          0x08005335   Thumb Code    34  usbd_conf.o(.text.USBD_LL_StallEP)
    USBD_LL_Suspend                          0x08005359   Thumb Code    20  usbd_core.o(.text.USBD_LL_Suspend)
    USBD_LL_Transmit                         0x0800536d   Thumb Code    34  usbd_conf.o(.text.USBD_LL_Transmit)
    USBD_ParseSetupRequest                   0x08005391   Thumb Code    22  usbd_ctlreq.o(.text.USBD_ParseSetupRequest)
    USBD_SetClassConfig                      0x080053a9   Thumb Code    16  usbd_core.o(.text.USBD_SetClassConfig)
    USBD_StdDevReq                           0x080053b9   Thumb Code   838  usbd_ctlreq.o(.text.USBD_StdDevReq)
    USBD_StdEPReq                            0x08005701   Thumb Code   306  usbd_ctlreq.o(.text.USBD_StdEPReq)
    USBD_StdItfReq                           0x08005835   Thumb Code    86  usbd_ctlreq.o(.text.USBD_StdItfReq)
    USB_ActivateEndpoint                     0x0800588d   Thumb Code   806  stm32g4xx_ll_usb.o(.text.USB_ActivateEndpoint)
    USB_EPClearStall                         0x08005bb5   Thumb Code   120  stm32g4xx_ll_usb.o(.text.USB_EPClearStall)
    USB_EPSetStall                           0x08005c2d   Thumb Code    50  stm32g4xx_ll_usb.o(.text.USB_EPSetStall)
    USB_EPStartXfer                          0x08005c61   Thumb Code  1662  stm32g4xx_ll_usb.o(.text.USB_EPStartXfer)
    USB_HP_IRQHandler                        0x080062e1   Thumb Code    12  stm32g4xx_it.o(.text.USB_HP_IRQHandler)
    USB_LP_IRQHandler                        0x080062ed   Thumb Code    12  stm32g4xx_it.o(.text.USB_LP_IRQHandler)
    USB_ReadInterrupts                       0x080062f9   Thumb Code     6  stm32g4xx_ll_usb.o(.text.USB_ReadInterrupts)
    USB_ReadPMA                              0x08006301   Thumb Code   156  stm32g4xx_ll_usb.o(.text.USB_ReadPMA)
    USB_SetDevAddress                        0x0800639d   Thumb Code    14  stm32g4xx_ll_usb.o(.text.USB_SetDevAddress)
    USB_WritePMA                             0x080063ad   Thumb Code   150  stm32g4xx_ll_usb.o(.text.USB_WritePMA)
    UsageFault_Handler                       0x08006445   Thumb Code     2  stm32g4xx_it.o(.text.UsageFault_Handler)
    main                                     0x08006449   Thumb Code   416  main.o(.text.main)
    _fp_init                                 0x080065ed   Thumb Code    26  fpinit.o(x$fpl$fpinit)
    __fplib_config_fpu_vfp                   0x08006605   Thumb Code     0  fpinit.o(x$fpl$fpinit)
    __fplib_config_pureend_doubles           0x08006605   Thumb Code     0  fpinit.o(x$fpl$fpinit)
    AHBPrescTable                            0x08006606   Data          16  system_stm32g4xx.o(.rodata.AHBPrescTable)
    APBPrescTable                            0x08006616   Data           8  system_stm32g4xx.o(.rodata.APBPrescTable)
    Sin_Cos_Table                            0x08006620   Data        4096  math_drv.o(.rodata.Sin_Cos_Table)
    UARTPrescTable                           0x08007620   Data          24  stm32g4xx_hal_uart.o(.rodata.UARTPrescTable)
    Region$$Table$$Base                      0x08007658   Number         0  anon$$obj.o(Region$$Table)
    Region$$Table$$Limit                     0x08007678   Number         0  anon$$obj.o(Region$$Table)
    uwTickPrio                               0x20000000   Data           4  stm32g4xx_hal.o(.data..L_MergedGlobals)
    uwTickFreq                               0x20000004   Data           4  stm32g4xx_hal.o(.data..L_MergedGlobals)
    SystemCoreClock                          0x20000008   Data           4  system_stm32g4xx.o(.data.SystemCoreClock)
    __libspace_start                         0x20000010   Data          96  libspace.o(.bss)
    MC                                       0x20000070   Data        1088  motor_publicdata.o(.bss.MC)
    __temporary_stack_top$libspace           0x20000070   Data           0  libspace.o(.bss)
    hadc1                                    0x200004b4   Data         108  adc.o(.bss.hadc1)
    hdma_adc1                                0x20000520   Data          96  adc.o(.bss.hdma_adc1)
    hdma_usart1_tx                           0x20000580   Data          96  usart.o(.bss.hdma_usart1_tx)
    hi2c2                                    0x200005e0   Data          84  i2c.o(.bss.hi2c2)
    hpcd_USB_FS                              0x20000634   Data         732  usbd_conf.o(.bss.hpcd_USB_FS)
    hspi1                                    0x20000910   Data         100  spi.o(.bss.hspi1)
    htim1                                    0x20000974   Data          76  tim.o(.bss.htim1)
    huart1                                   0x200009c0   Data         148  usart.o(.bss.huart1)
    uwTick                                   0x20000a54   Data           4  stm32g4xx_hal.o(.bss.uwTick)



==============================================================================

Memory Map of the image

  Image Entry point : 0x080001d9

  Load Region LR_IROM1 (Base: 0x08000000, Size: 0x00007688, Max: 0x00020000, ABSOLUTE)

    Execution Region ER_IROM1 (Exec base: 0x08000000, Load base: 0x08000000, Size: 0x00007678, Max: 0x00020000, ABSOLUTE)

    Exec Addr    Load Addr    Size         Type   Attr      Idx    E Section Name        Object

    0x08000000   0x08000000   0x000001d8   Data   RO            3    RESET               startup_stm32g431xx.o
    0x080001d8   0x080001d8   0x00000008   Code   RO         4282  * !!!main             c_w.l(__main.o)
    0x080001e0   0x080001e0   0x0000005c   Code   RO         4643    !!!scatter          c_w.l(__scatter.o)
    0x0800023c   0x0800023c   0x0000001a   Code   RO         4647    !!handler_copy      c_w.l(__scatter_copy.o)
    0x08000256   0x08000256   0x00000002   PAD
    0x08000258   0x08000258   0x00000002   Code   RO         4644    !!handler_null      c_w.l(__scatter.o)
    0x0800025a   0x0800025a   0x00000002   PAD
    0x0800025c   0x0800025c   0x0000001c   Code   RO         4649    !!handler_zi        c_w.l(__scatter_zi.o)
    0x08000278   0x08000278   0x00000002   Code   RO         4508    .ARM.Collect$$libinit$$00000000  c_w.l(libinit.o)
    0x0800027a   0x0800027a   0x00000004   Code   RO         4517    .ARM.Collect$$libinit$$00000001  c_w.l(libinit2.o)
    0x0800027e   0x0800027e   0x00000000   Code   RO         4520    .ARM.Collect$$libinit$$00000004  c_w.l(libinit2.o)
    0x0800027e   0x0800027e   0x00000000   Code   RO         4522    .ARM.Collect$$libinit$$00000006  c_w.l(libinit2.o)
    0x0800027e   0x0800027e   0x00000000   Code   RO         4525    .ARM.Collect$$libinit$$0000000C  c_w.l(libinit2.o)
    0x0800027e   0x0800027e   0x00000000   Code   RO         4527    .ARM.Collect$$libinit$$0000000E  c_w.l(libinit2.o)
    0x0800027e   0x0800027e   0x00000000   Code   RO         4529    .ARM.Collect$$libinit$$00000010  c_w.l(libinit2.o)
    0x0800027e   0x0800027e   0x00000000   Code   RO         4532    .ARM.Collect$$libinit$$00000013  c_w.l(libinit2.o)
    0x0800027e   0x0800027e   0x00000000   Code   RO         4534    .ARM.Collect$$libinit$$00000015  c_w.l(libinit2.o)
    0x0800027e   0x0800027e   0x00000000   Code   RO         4536    .ARM.Collect$$libinit$$00000017  c_w.l(libinit2.o)
    0x0800027e   0x0800027e   0x00000000   Code   RO         4538    .ARM.Collect$$libinit$$00000019  c_w.l(libinit2.o)
    0x0800027e   0x0800027e   0x00000000   Code   RO         4540    .ARM.Collect$$libinit$$0000001B  c_w.l(libinit2.o)
    0x0800027e   0x0800027e   0x00000000   Code   RO         4542    .ARM.Collect$$libinit$$0000001D  c_w.l(libinit2.o)
    0x0800027e   0x0800027e   0x00000000   Code   RO         4544    .ARM.Collect$$libinit$$0000001F  c_w.l(libinit2.o)
    0x0800027e   0x0800027e   0x00000000   Code   RO         4546    .ARM.Collect$$libinit$$00000021  c_w.l(libinit2.o)
    0x0800027e   0x0800027e   0x00000000   Code   RO         4548    .ARM.Collect$$libinit$$00000023  c_w.l(libinit2.o)
    0x0800027e   0x0800027e   0x00000000   Code   RO         4550    .ARM.Collect$$libinit$$00000025  c_w.l(libinit2.o)
    0x0800027e   0x0800027e   0x00000000   Code   RO         4552    .ARM.Collect$$libinit$$00000027  c_w.l(libinit2.o)
    0x0800027e   0x0800027e   0x00000000   Code   RO         4556    .ARM.Collect$$libinit$$0000002E  c_w.l(libinit2.o)
    0x0800027e   0x0800027e   0x00000000   Code   RO         4558    .ARM.Collect$$libinit$$00000030  c_w.l(libinit2.o)
    0x0800027e   0x0800027e   0x00000000   Code   RO         4560    .ARM.Collect$$libinit$$00000032  c_w.l(libinit2.o)
    0x0800027e   0x0800027e   0x00000000   Code   RO         4562    .ARM.Collect$$libinit$$00000034  c_w.l(libinit2.o)
    0x0800027e   0x0800027e   0x00000002   Code   RO         4563    .ARM.Collect$$libinit$$00000035  c_w.l(libinit2.o)
    0x08000280   0x08000280   0x00000002   Code   RO         4598    .ARM.Collect$$libshutdown$$00000000  c_w.l(libshutdown.o)
    0x08000282   0x08000282   0x00000000   Code   RO         4626    .ARM.Collect$$libshutdown$$00000002  c_w.l(libshutdown2.o)
    0x08000282   0x08000282   0x00000000   Code   RO         4628    .ARM.Collect$$libshutdown$$00000004  c_w.l(libshutdown2.o)
    0x08000282   0x08000282   0x00000000   Code   RO         4631    .ARM.Collect$$libshutdown$$00000007  c_w.l(libshutdown2.o)
    0x08000282   0x08000282   0x00000000   Code   RO         4634    .ARM.Collect$$libshutdown$$0000000A  c_w.l(libshutdown2.o)
    0x08000282   0x08000282   0x00000000   Code   RO         4636    .ARM.Collect$$libshutdown$$0000000C  c_w.l(libshutdown2.o)
    0x08000282   0x08000282   0x00000000   Code   RO         4639    .ARM.Collect$$libshutdown$$0000000F  c_w.l(libshutdown2.o)
    0x08000282   0x08000282   0x00000002   Code   RO         4640    .ARM.Collect$$libshutdown$$00000010  c_w.l(libshutdown2.o)
    0x08000284   0x08000284   0x00000000   Code   RO         4383    .ARM.Collect$$rtentry$$00000000  c_w.l(__rtentry.o)
    0x08000284   0x08000284   0x00000000   Code   RO         4463    .ARM.Collect$$rtentry$$00000002  c_w.l(__rtentry2.o)
    0x08000284   0x08000284   0x00000006   Code   RO         4475    .ARM.Collect$$rtentry$$00000004  c_w.l(__rtentry4.o)
    0x0800028a   0x0800028a   0x00000000   Code   RO         4465    .ARM.Collect$$rtentry$$00000009  c_w.l(__rtentry2.o)
    0x0800028a   0x0800028a   0x00000004   Code   RO         4466    .ARM.Collect$$rtentry$$0000000A  c_w.l(__rtentry2.o)
    0x0800028e   0x0800028e   0x00000000   Code   RO         4468    .ARM.Collect$$rtentry$$0000000C  c_w.l(__rtentry2.o)
    0x0800028e   0x0800028e   0x00000008   Code   RO         4469    .ARM.Collect$$rtentry$$0000000D  c_w.l(__rtentry2.o)
    0x08000296   0x08000296   0x00000002   Code   RO         4509    .ARM.Collect$$rtexit$$00000000  c_w.l(rtexit.o)
    0x08000298   0x08000298   0x00000000   Code   RO         4569    .ARM.Collect$$rtexit$$00000002  c_w.l(rtexit2.o)
    0x08000298   0x08000298   0x00000004   Code   RO         4570    .ARM.Collect$$rtexit$$00000003  c_w.l(rtexit2.o)
    0x0800029c   0x0800029c   0x00000006   Code   RO         4571    .ARM.Collect$$rtexit$$00000004  c_w.l(rtexit2.o)
    0x080002a2   0x080002a2   0x00000002   PAD
    0x080002a4   0x080002a4   0x00000040   Code   RO            4    .text               startup_stm32g431xx.o
    0x080002e4   0x080002e4   0x000000f0   Code   RO         4266    .text               c_w.l(lludivv7m.o)
    0x080003d4   0x080003d4   0x0000004e   Code   RO         4278    .text               c_w.l(rt_memclr_w.o)
    0x08000422   0x08000422   0x00000006   Code   RO         4280    .text               c_w.l(heapauxi.o)
    0x08000428   0x08000428   0x00000008   Code   RO         4492    .text               c_w.l(libspace.o)
    0x08000430   0x08000430   0x0000004a   Code   RO         4495    .text               c_w.l(sys_stackheap_outer.o)
    0x0800047a   0x0800047a   0x00000012   Code   RO         4497    .text               c_w.l(exit.o)
    0x0800048c   0x0800048c   0x0000000c   Code   RO         4564    .text               c_w.l(sys_exit.o)
    0x08000498   0x08000498   0x00000002   Code   RO         4587    .text               c_w.l(use_no_semi.o)
    0x0800049a   0x0800049a   0x00000000   Code   RO         4589    .text               c_w.l(indicate_semi.o)
    0x0800049a   0x0800049a   0x00000002   PAD
    0x0800049c   0x0800049c   0x00000002   Code   RO          129    .text.BusFault_Handler  stm32g4xx_it.o
    0x0800049e   0x0800049e   0x00000002   PAD
    0x080004a0   0x080004a0   0x000001f8   Code   RO         2113    .text.Calculate_SVPWM  foc_drv.o
    0x08000698   0x08000698   0x00000110   Code   RO         2123    .text.Calculate_Sin_Cos  math_drv.o
    0x080007a8   0x080007a8   0x0000000c   Code   RO          141    .text.DMA1_Channel1_IRQHandler  stm32g4xx_it.o
    0x080007b4   0x080007b4   0x00000002   Code   RO          135    .text.DebugMon_Handler  stm32g4xx_it.o
    0x080007b6   0x080007b6   0x00000002   PAD
    0x080007b8   0x080007b8   0x00000008   Code   RO          147    .text.EXTI15_10_IRQHandler  stm32g4xx_it.o
    0x080007c0   0x080007c0   0x00000054   Code   RO         2095    .text.Electrical_Angle_Generator  eangle_drv.o
    0x08000814   0x08000814   0x0000000a   Code   RO           15    .text.Error_Handler  main.o
    0x0800081e   0x0800081e   0x00000002   PAD
    0x08000820   0x08000820   0x000000c0   Code   RO          938    .text.HAL_ADCEx_MultiModeConfigChannel  stm32g4xx_hal_adc_ex.o
    0x080008e0   0x080008e0   0x0000039a   Code   RO          878    .text.HAL_ADC_ConfigChannel  stm32g4xx_hal_adc.o
    0x08000c7a   0x08000c7a   0x00000002   PAD
    0x08000c7c   0x08000c7c   0x00000226   Code   RO          826    .text.HAL_ADC_Init  stm32g4xx_hal_adc.o
    0x08000ea2   0x08000ea2   0x00000002   PAD
    0x08000ea4   0x08000ea4   0x000000ca   Code   RO           37    .text.HAL_ADC_MspInit  adc.o
    0x08000f6e   0x08000f6e   0x00000002   PAD
    0x08000f70   0x08000f70   0x000000aa   Code   RO          618    .text.HAL_DMA_IRQHandler  stm32g4xx_hal_dma.o
    0x0800101a   0x0800101a   0x00000002   PAD
    0x0800101c   0x0800101c   0x00000124   Code   RO          604    .text.HAL_DMA_Init  stm32g4xx_hal_dma.o
    0x08001140   0x08001140   0x00000028   Code   RO          334    .text.HAL_Delay     stm32g4xx_hal.o
    0x08001168   0x08001168   0x00000002   Code   RO          568    .text.HAL_GPIO_EXTI_Callback  stm32g4xx_hal_gpio.o
    0x0800116a   0x0800116a   0x00000002   PAD
    0x0800116c   0x0800116c   0x00000016   Code   RO          566    .text.HAL_GPIO_EXTI_IRQHandler  stm32g4xx_hal_gpio.o
    0x08001182   0x08001182   0x00000002   PAD
    0x08001184   0x08001184   0x000001de   Code   RO          554    .text.HAL_GPIO_Init  stm32g4xx_hal_gpio.o
    0x08001362   0x08001362   0x00000002   PAD
    0x08001364   0x08001364   0x0000000c   Code   RO          560    .text.HAL_GPIO_WritePin  stm32g4xx_hal_gpio.o
    0x08001370   0x08001370   0x0000000c   Code   RO          326    .text.HAL_GetTick   stm32g4xx_hal.o
    0x0800137c   0x0800137c   0x0000004a   Code   RO         1111    .text.HAL_I2CEx_ConfigAnalogFilter  stm32g4xx_hal_i2c_ex.o
    0x080013c6   0x080013c6   0x00000002   PAD
    0x080013c8   0x080013c8   0x00000048   Code   RO         1113    .text.HAL_I2CEx_ConfigDigitalFilter  stm32g4xx_hal_i2c_ex.o
    0x08001410   0x08001410   0x000000b0   Code   RO          957    .text.HAL_I2C_Init  stm32g4xx_hal_i2c.o
    0x080014c0   0x080014c0   0x00000090   Code   RO           62    .text.HAL_I2C_MspInit  i2c.o
    0x08001550   0x08001550   0x0000001a   Code   RO          324    .text.HAL_IncTick   stm32g4xx_hal.o
    0x0800156a   0x0800156a   0x00000002   PAD
    0x0800156c   0x0800156c   0x0000001e   Code   RO          314    .text.HAL_Init      stm32g4xx_hal.o
    0x0800158a   0x0800158a   0x00000002   PAD
    0x0800158c   0x0800158c   0x00000050   Code   RO          316    .text.HAL_InitTick  stm32g4xx_hal.o
    0x080015dc   0x080015dc   0x00000034   Code   RO          156    .text.HAL_MspInit   stm32g4xx_hal_msp.o
    0x08001610   0x08001610   0x00000022   Code   RO          780    .text.HAL_NVIC_EnableIRQ  stm32g4xx_hal_cortex.o
    0x08001632   0x08001632   0x00000002   PAD
    0x08001634   0x08001634   0x00000056   Code   RO          778    .text.HAL_NVIC_SetPriority  stm32g4xx_hal_cortex.o
    0x0800168a   0x0800168a   0x00000002   PAD
    0x0800168c   0x0800168c   0x00000020   Code   RO          776    .text.HAL_NVIC_SetPriorityGrouping  stm32g4xx_hal_cortex.o
    0x080016ac   0x080016ac   0x00000050   Code   RO         1884    .text.HAL_PCDEx_LPM_Callback  usbd_conf.o
    0x080016fc   0x080016fc   0x00000014   Code   RO         1838    .text.HAL_PCD_DataInStageCallback  usbd_conf.o
    0x08001710   0x08001710   0x00000016   Code   RO         1836    .text.HAL_PCD_DataOutStageCallback  usbd_conf.o
    0x08001726   0x08001726   0x00000002   PAD
    0x08001728   0x08001728   0x00000060   Code   RO          218    .text.HAL_PCD_EP_ClrStall  stm32g4xx_hal_pcd.o
    0x08001788   0x08001788   0x00000060   Code   RO          206    .text.HAL_PCD_EP_Open  stm32g4xx_hal_pcd.o
    0x080017e8   0x080017e8   0x00000032   Code   RO          210    .text.HAL_PCD_EP_Receive  stm32g4xx_hal_pcd.o
    0x0800181a   0x0800181a   0x00000002   PAD
    0x0800181c   0x0800181c   0x00000064   Code   RO          216    .text.HAL_PCD_EP_SetStall  stm32g4xx_hal_pcd.o
    0x08001880   0x08001880   0x00000036   Code   RO          214    .text.HAL_PCD_EP_Transmit  stm32g4xx_hal_pcd.o
    0x080018b6   0x080018b6   0x00000002   PAD
    0x080018b8   0x080018b8   0x0000092e   Code   RO          176    .text.HAL_PCD_IRQHandler  stm32g4xx_hal_pcd.o
    0x080021e6   0x080021e6   0x00000002   PAD
    0x080021e8   0x080021e8   0x00000024   Code   RO         1842    .text.HAL_PCD_ResetCallback  usbd_conf.o
    0x0800220c   0x0800220c   0x00000028   Code   RO         1846    .text.HAL_PCD_ResumeCallback  usbd_conf.o
    0x08002234   0x08002234   0x00000008   Code   RO         1840    .text.HAL_PCD_SOFCallback  usbd_conf.o
    0x0800223c   0x0800223c   0x00000028   Code   RO          180    .text.HAL_PCD_SetAddress  stm32g4xx_hal_pcd.o
    0x08002264   0x08002264   0x0000000e   Code   RO         1834    .text.HAL_PCD_SetupStageCallback  usbd_conf.o
    0x08002272   0x08002272   0x00000002   PAD
    0x08002274   0x08002274   0x00000026   Code   RO         1844    .text.HAL_PCD_SuspendCallback  usbd_conf.o
    0x0800229a   0x0800229a   0x00000002   PAD
    0x0800229c   0x0800229c   0x0000010e   Code   RO          696    .text.HAL_PWREx_ControlVoltageScaling  stm32g4xx_hal_pwr_ex.o
    0x080023aa   0x080023aa   0x00000002   PAD
    0x080023ac   0x080023ac   0x00000012   Code   RO          766    .text.HAL_PWREx_DisableUCPDDeadBattery  stm32g4xx_hal_pwr_ex.o
    0x080023be   0x080023be   0x00000002   PAD
    0x080023c0   0x080023c0   0x0000026a   Code   RO          438    .text.HAL_RCCEx_PeriphCLKConfig  stm32g4xx_hal_rcc_ex.o
    0x0800262a   0x0800262a   0x00000002   PAD
    0x0800262c   0x0800262c   0x00000304   Code   RO          404    .text.HAL_RCC_ClockConfig  stm32g4xx_hal_rcc.o
    0x08002930   0x08002930   0x0000002a   Code   RO          412    .text.HAL_RCC_GetPCLK1Freq  stm32g4xx_hal_rcc.o
    0x0800295a   0x0800295a   0x00000002   PAD
    0x0800295c   0x0800295c   0x0000002a   Code   RO          414    .text.HAL_RCC_GetPCLK2Freq  stm32g4xx_hal_rcc.o
    0x08002986   0x08002986   0x00000002   PAD
    0x08002988   0x08002988   0x00000082   Code   RO          406    .text.HAL_RCC_GetSysClockFreq  stm32g4xx_hal_rcc.o
    0x08002a0a   0x08002a0a   0x00000002   PAD
    0x08002a0c   0x08002a0c   0x000004ce   Code   RO          402    .text.HAL_RCC_OscConfig  stm32g4xx_hal_rcc.o
    0x08002eda   0x08002eda   0x00000002   PAD
    0x08002edc   0x08002edc   0x000000e4   Code   RO         1131    .text.HAL_SPI_Init  stm32g4xx_hal_spi.o
    0x08002fc0   0x08002fc0   0x0000006e   Code   RO           77    .text.HAL_SPI_MspInit  spi.o
    0x0800302e   0x0800302e   0x00000002   PAD
    0x08003030   0x08003030   0x0000002c   Code   RO          788    .text.HAL_SYSTICK_Config  stm32g4xx_hal_cortex.o
    0x0800305c   0x0800305c   0x000000c8   Code   RO         1553    .text.HAL_TIMEx_ConfigBreakDeadTime  stm32g4xx_hal_tim_ex.o
    0x08003124   0x08003124   0x000000a6   Code   RO         1551    .text.HAL_TIMEx_MasterConfigSynchronization  stm32g4xx_hal_tim_ex.o
    0x080031ca   0x080031ca   0x00000002   PAD
    0x080031cc   0x080031cc   0x000000e6   Code   RO         1521    .text.HAL_TIMEx_PWMN_Start  stm32g4xx_hal_tim_ex.o
    0x080032b2   0x080032b2   0x00000002   PAD
    0x080032b4   0x080032b4   0x00000062   Code   RO         1256    .text.HAL_TIM_Base_Init  stm32g4xx_hal_tim.o
    0x08003316   0x08003316   0x00000002   PAD
    0x08003318   0x08003318   0x00000030   Code   RO           94    .text.HAL_TIM_Base_MspInit  tim.o
    0x08003348   0x08003348   0x00000234   Code   RO         1436    .text.HAL_TIM_ConfigClockSource  stm32g4xx_hal_tim.o
    0x0800357c   0x0800357c   0x000000ac   Code   RO           92    .text.HAL_TIM_MspPostInit  tim.o
    0x08003628   0x08003628   0x000003d4   Code   RO         1410    .text.HAL_TIM_PWM_ConfigChannel  stm32g4xx_hal_tim.o
    0x080039fc   0x080039fc   0x00000062   Code   RO         1310    .text.HAL_TIM_PWM_Init  stm32g4xx_hal_tim.o
    0x08003a5e   0x08003a5e   0x00000002   PAD
    0x08003a60   0x08003a60   0x00000002   Code   RO         1312    .text.HAL_TIM_PWM_MspInit  stm32g4xx_hal_tim.o
    0x08003a62   0x08003a62   0x00000002   PAD
    0x08003a64   0x08003a64   0x0000016a   Code   RO         1318    .text.HAL_TIM_PWM_Start  stm32g4xx_hal_tim.o
    0x08003bce   0x08003bce   0x00000002   PAD
    0x08003bd0   0x08003bd0   0x00000036   Code   RO         1792    .text.HAL_UARTEx_DisableFifoMode  stm32g4xx_hal_uart_ex.o
    0x08003c06   0x08003c06   0x00000002   PAD
    0x08003c08   0x08003c08   0x0000008c   Code   RO         1796    .text.HAL_UARTEx_SetRxFifoThreshold  stm32g4xx_hal_uart_ex.o
    0x08003c94   0x08003c94   0x0000008c   Code   RO         1794    .text.HAL_UARTEx_SetTxFifoThreshold  stm32g4xx_hal_uart_ex.o
    0x08003d20   0x08003d20   0x00000064   Code   RO         1630    .text.HAL_UART_Init  stm32g4xx_hal_uart.o
    0x08003d84   0x08003d84   0x000000cc   Code   RO          109    .text.HAL_UART_MspInit  usart.o
    0x08003e50   0x08003e50   0x00000002   Code   RO          125    .text.HardFault_Handler  stm32g4xx_it.o
    0x08003e52   0x08003e52   0x00000002   PAD
    0x08003e54   0x08003e54   0x00000032   Code   RO         2111    .text.IPark_Transform  foc_drv.o
    0x08003e86   0x08003e86   0x00000002   PAD
    0x08003e88   0x08003e88   0x0000011e   Code   RO           35    .text.MX_ADC1_Init  adc.o
    0x08003fa6   0x08003fa6   0x00000002   PAD
    0x08003fa8   0x08003fa8   0x00000046   Code   RO           51    .text.MX_DMA_Init   dma.o
    0x08003fee   0x08003fee   0x00000002   PAD
    0x08003ff0   0x08003ff0   0x0000014e   Code   RO           26    .text.MX_GPIO_Init  gpio.o
    0x0800413e   0x0800413e   0x00000002   PAD
    0x08004140   0x08004140   0x0000006c   Code   RO           60    .text.MX_I2C2_Init  i2c.o
    0x080041ac   0x080041ac   0x00000052   Code   RO           75    .text.MX_SPI1_Init  spi.o
    0x080041fe   0x080041fe   0x00000002   PAD
    0x08004200   0x08004200   0x00000150   Code   RO           90    .text.MX_TIM1_Init  tim.o
    0x08004350   0x08004350   0x00000082   Code   RO          107    .text.MX_USART1_UART_Init  usart.o
    0x080043d2   0x080043d2   0x00000002   PAD
    0x080043d4   0x080043d4   0x00000002   Code   RO          127    .text.MemManage_Handler  stm32g4xx_it.o
    0x080043d6   0x080043d6   0x00000002   PAD
    0x080043d8   0x080043d8   0x00000222   Code   RO         2146    .text.Motor_Struct_Init  motor_publicdata.o
    0x080045fa   0x080045fa   0x00000002   PAD
    0x080045fc   0x080045fc   0x00000002   Code   RO          123    .text.NMI_Handler   stm32g4xx_it.o
    0x080045fe   0x080045fe   0x00000002   PAD
    0x08004600   0x08004600   0x00000002   Code   RO          137    .text.PendSV_Handler  stm32g4xx_it.o
    0x08004602   0x08004602   0x00000002   PAD
    0x08004604   0x08004604   0x00000002   Code   RO          133    .text.SVC_Handler   stm32g4xx_it.o
    0x08004606   0x08004606   0x00000002   PAD
    0x08004608   0x08004608   0x00000004   Code   RO          139    .text.SysTick_Handler  stm32g4xx_it.o
    0x0800460c   0x0800460c   0x00000070   Code   RO           13    .text.SystemClock_Config  main.o
    0x0800467c   0x0800467c   0x00000012   Code   RO         1815    .text.SystemInit    system_stm32g4xx.o
    0x0800468e   0x0800468e   0x00000002   PAD
    0x08004690   0x08004690   0x0000012e   Code   RO         1260    .text.TIM_Base_SetConfig  stm32g4xx_hal_tim.o
    0x080047be   0x080047be   0x00000002   PAD
    0x080047c0   0x080047c0   0x000000e6   Code   RO         1634    .text.UART_AdvFeatureConfig  stm32g4xx_hal_uart.o
    0x080048a6   0x080048a6   0x00000002   PAD
    0x080048a8   0x080048a8   0x0000016a   Code   RO         1638    .text.UART_CheckIdleState  stm32g4xx_hal_uart.o
    0x08004a12   0x08004a12   0x00000002   PAD
    0x08004a14   0x08004a14   0x00000298   Code   RO         1636    .text.UART_SetConfig  stm32g4xx_hal_uart.o
    0x08004cac   0x08004cac   0x00000336   Code   RO         1652    .text.UART_WaitOnFlagUntilTimeout  stm32g4xx_hal_uart.o
    0x08004fe2   0x08004fe2   0x00000002   PAD
    0x08004fe4   0x08004fe4   0x00000014   Code   RO         1975    .text.USBD_ClrClassConfig  usbd_core.o
    0x08004ff8   0x08004ff8   0x00000010   Code   RO         2036    .text.USBD_CtlContinueRx  usbd_ioreq.o
    0x08005008   0x08005008   0x00000010   Code   RO         2032    .text.USBD_CtlContinueSendData  usbd_ioreq.o
    0x08005018   0x08005018   0x00000016   Code   RO         2040    .text.USBD_CtlReceiveStatus  usbd_ioreq.o
    0x0800502e   0x0800502e   0x00000002   PAD
    0x08005030   0x08005030   0x0000001a   Code   RO         2030    .text.USBD_CtlSendData  usbd_ioreq.o
    0x0800504a   0x0800504a   0x00000002   PAD
    0x0800504c   0x0800504c   0x00000016   Code   RO         2038    .text.USBD_CtlSendStatus  usbd_ioreq.o
    0x08005062   0x08005062   0x00000002   PAD
    0x08005064   0x08005064   0x00000022   Code   RO         1872    .text.USBD_LL_ClearStallEP  usbd_conf.o
    0x08005086   0x08005086   0x00000002   PAD
    0x08005088   0x08005088   0x000000a6   Code   RO         1981    .text.USBD_LL_DataInStage  usbd_core.o
    0x0800512e   0x0800512e   0x00000002   PAD
    0x08005130   0x08005130   0x00000064   Code   RO         1979    .text.USBD_LL_DataOutStage  usbd_core.o
    0x08005194   0x08005194   0x0000002a   Code   RO         1874    .text.USBD_LL_IsStallEP  usbd_conf.o
    0x080051be   0x080051be   0x00000002   PAD
    0x080051c0   0x080051c0   0x00000028   Code   RO         1864    .text.USBD_LL_OpenEP  usbd_conf.o
    0x080051e8   0x080051e8   0x00000022   Code   RO         1880    .text.USBD_LL_PrepareReceive  usbd_conf.o
    0x0800520a   0x0800520a   0x00000002   PAD
    0x0800520c   0x0800520c   0x00000062   Code   RO         1983    .text.USBD_LL_Reset  usbd_core.o
    0x0800526e   0x0800526e   0x00000002   PAD
    0x08005270   0x08005270   0x00000014   Code   RO         1989    .text.USBD_LL_Resume  usbd_core.o
    0x08005284   0x08005284   0x00000024   Code   RO         1991    .text.USBD_LL_SOF   usbd_core.o
    0x080052a8   0x080052a8   0x00000008   Code   RO         1985    .text.USBD_LL_SetSpeed  usbd_core.o
    0x080052b0   0x080052b0   0x00000022   Code   RO         1876    .text.USBD_LL_SetUSBAddress  usbd_conf.o
    0x080052d2   0x080052d2   0x00000002   PAD
    0x080052d4   0x080052d4   0x00000060   Code   RO         1977    .text.USBD_LL_SetupStage  usbd_core.o
    0x08005334   0x08005334   0x00000022   Code   RO         1870    .text.USBD_LL_StallEP  usbd_conf.o
    0x08005356   0x08005356   0x00000002   PAD
    0x08005358   0x08005358   0x00000014   Code   RO         1987    .text.USBD_LL_Suspend  usbd_core.o
    0x0800536c   0x0800536c   0x00000022   Code   RO         1878    .text.USBD_LL_Transmit  usbd_conf.o
    0x0800538e   0x0800538e   0x00000002   PAD
    0x08005390   0x08005390   0x00000016   Code   RO         2017    .text.USBD_ParseSetupRequest  usbd_ctlreq.o
    0x080053a6   0x080053a6   0x00000002   PAD
    0x080053a8   0x080053a8   0x00000010   Code   RO         1973    .text.USBD_SetClassConfig  usbd_core.o
    0x080053b8   0x080053b8   0x00000346   Code   RO         2009    .text.USBD_StdDevReq  usbd_ctlreq.o
    0x080056fe   0x080056fe   0x00000002   PAD
    0x08005700   0x08005700   0x00000132   Code   RO         2015    .text.USBD_StdEPReq  usbd_ctlreq.o
    0x08005832   0x08005832   0x00000002   PAD
    0x08005834   0x08005834   0x00000056   Code   RO         2013    .text.USBD_StdItfReq  usbd_ctlreq.o
    0x0800588a   0x0800588a   0x00000002   PAD
    0x0800588c   0x0800588c   0x00000326   Code   RO          276    .text.USB_ActivateEndpoint  stm32g4xx_ll_usb.o
    0x08005bb2   0x08005bb2   0x00000002   PAD
    0x08005bb4   0x08005bb4   0x00000078   Code   RO          286    .text.USB_EPClearStall  stm32g4xx_ll_usb.o
    0x08005c2c   0x08005c2c   0x00000032   Code   RO          284    .text.USB_EPSetStall  stm32g4xx_ll_usb.o
    0x08005c5e   0x08005c5e   0x00000002   PAD
    0x08005c60   0x08005c60   0x0000067e   Code   RO          280    .text.USB_EPStartXfer  stm32g4xx_ll_usb.o
    0x080062de   0x080062de   0x00000002   PAD
    0x080062e0   0x080062e0   0x0000000c   Code   RO          143    .text.USB_HP_IRQHandler  stm32g4xx_it.o
    0x080062ec   0x080062ec   0x0000000c   Code   RO          145    .text.USB_LP_IRQHandler  stm32g4xx_it.o
    0x080062f8   0x080062f8   0x00000006   Code   RO          298    .text.USB_ReadInterrupts  stm32g4xx_ll_usb.o
    0x080062fe   0x080062fe   0x00000002   PAD
    0x08006300   0x08006300   0x0000009c   Code   RO          304    .text.USB_ReadPMA   stm32g4xx_ll_usb.o
    0x0800639c   0x0800639c   0x0000000e   Code   RO          292    .text.USB_SetDevAddress  stm32g4xx_ll_usb.o
    0x080063aa   0x080063aa   0x00000002   PAD
    0x080063ac   0x080063ac   0x00000096   Code   RO          282    .text.USB_WritePMA  stm32g4xx_ll_usb.o
    0x08006442   0x08006442   0x00000002   PAD
    0x08006444   0x08006444   0x00000002   Code   RO          131    .text.UsageFault_Handler  stm32g4xx_it.o
    0x08006446   0x08006446   0x00000002   PAD
    0x08006448   0x08006448   0x000001a4   Code   RO           11    .text.main          main.o
    0x080065ec   0x080065ec   0x0000001a   Code   RO         4581    x$fpl$fpinit        fz_wm.l(fpinit.o)
    0x08006606   0x08006606   0x00000010   Data   RO         1820    .rodata.AHBPrescTable  system_stm32g4xx.o
    0x08006616   0x08006616   0x00000008   Data   RO         1821    .rodata.APBPrescTable  system_stm32g4xx.o
    0x0800661e   0x0800661e   0x00000002   PAD
    0x08006620   0x08006620   0x00001000   Data   RO         2127    .rodata.Sin_Cos_Table  math_drv.o
    0x08007620   0x08007620   0x00000018   Data   RO         1764    .rodata.UARTPrescTable  stm32g4xx_hal_uart.o
    0x08007638   0x08007638   0x00000010   Data   RO         1765    .rodata.cst16       stm32g4xx_hal_uart.o
    0x08007648   0x08007648   0x00000010   Data   RO         1806    .rodata.cst8        stm32g4xx_hal_uart_ex.o
    0x08007658   0x08007658   0x00000020   Data   RO         4642    Region$$Table       anon$$obj.o


    Execution Region RW_IRAM1 (Exec base: 0x20000000, Load base: 0x08007678, Size: 0x00001058, Max: 0x00008000, ABSOLUTE)

    Exec Addr    Load Addr    Size         Type   Attr      Idx    E Section Name        Object

    0x20000000   0x08007678   0x00000008   Data   RW          391    .data..L_MergedGlobals  stm32g4xx_hal.o
    0x20000008   0x08007680   0x00000004   Data   RW         1819    .data.SystemCoreClock  system_stm32g4xx.o
    0x2000000c   0x08007684   0x00000004   PAD
    0x20000010        -       0x00000060   Zero   RW         4493    .bss                c_w.l(libspace.o)
    0x20000070        -       0x00000440   Zero   RW         2149    .bss.MC             motor_publicdata.o
    0x200004b0        -       0x00000001   Zero   RW         2021    .bss.USBD_SetConfig.cfgidx  usbd_ctlreq.o
    0x200004b1   0x08007684   0x00000003   PAD
    0x200004b4        -       0x0000006c   Zero   RW           41    .bss.hadc1          adc.o
    0x20000520        -       0x00000060   Zero   RW           42    .bss.hdma_adc1      adc.o
    0x20000580        -       0x00000060   Zero   RW          114    .bss.hdma_usart1_tx  usart.o
    0x200005e0        -       0x00000054   Zero   RW           66    .bss.hi2c2          i2c.o
    0x20000634        -       0x000002dc   Zero   RW         1892    .bss.hpcd_USB_FS    usbd_conf.o
    0x20000910        -       0x00000064   Zero   RW           81    .bss.hspi1          spi.o
    0x20000974        -       0x0000004c   Zero   RW           98    .bss.htim1          tim.o
    0x200009c0        -       0x00000094   Zero   RW          113    .bss.huart1         usart.o
    0x20000a54        -       0x00000004   Zero   RW          390    .bss.uwTick         stm32g4xx_hal.o
    0x20000a58        -       0x00000200   Zero   RW            2    HEAP                startup_stm32g431xx.o
    0x20000c58        -       0x00000400   Zero   RW            1    STACK               startup_stm32g431xx.o


==============================================================================

Image component sizes


      Code (inc. data)   RO Data    RW Data    ZI Data      Debug   Object Name

       488          0          0          0        204       7503   adc.o
        70          0          0          0          0       3434   dma.o
        84          4          0          0          0       1362   eangle_drv.o
       554         30          0          0          0       3171   foc_drv.o
       334          0          0          0          0       4160   gpio.o
       252          0          0          0         84       6632   i2c.o
       542          4          0          0          0       5602   main.o
       272         12       4096          0          0       1860   math_drv.o
       546          0          0          0       1088       7674   motor_publicdata.o
       192          0          0          0        100       5667   spi.o
        64         26        472          0       1536        848   startup_stm32g431xx.o
       188          0          0          8          4       8915   stm32g4xx_hal.o
      1472          0          0          0          0      28692   stm32g4xx_hal_adc.o
       192          0          0          0          0      23167   stm32g4xx_hal_adc_ex.o
       196          0          0          0          0      10405   stm32g4xx_hal_cortex.o
       462          0          0          0          0       9228   stm32g4xx_hal_dma.o
       514          0          0          0          0       5383   stm32g4xx_hal_gpio.o
       176          0          0          0          0      62997   stm32g4xx_hal_i2c.o
       146          0          0          0          0       6544   stm32g4xx_hal_i2c_ex.o
        52          0          0          0          0       1745   stm32g4xx_hal_msp.o
      2786          0          0          0          0      16999   stm32g4xx_hal_pcd.o
       288          0          0          0          0       9456   stm32g4xx_hal_pwr_ex.o
      2216          0          0          0          0      10211   stm32g4xx_hal_rcc.o
       618          0          0          0          0      10953   stm32g4xx_hal_rcc_ex.o
       228          0          0          0          0      26275   stm32g4xx_hal_spi.o
      2406         20          0          0          0      63317   stm32g4xx_hal_tim.o
       596          0          0          0          0      30478   stm32g4xx_hal_tim_ex.o
      2178         48         40          0          0      42929   stm32g4xx_hal_uart.o
       334          0         16          0          0      11282   stm32g4xx_hal_uart_ex.o
        64          0          0          0          0       5689   stm32g4xx_it.o
      2964          4          0          0          0      21082   stm32g4xx_ll_usb.o
        18          0         24          4          0       2777   system_stm32g4xx.o
       556          0          0          0         76       7969   tim.o
       334          0          0          0        244       6888   usart.o
       510          0          0          0        732      18632   usbd_conf.o
       580          0          0          0          0       8610   usbd_core.o
      1252         32          0          0          1      10461   usbd_ctlreq.o
       102          0          0          0          0       4633   usbd_ioreq.o

    ----------------------------------------------------------------------
     24976        180       4682         12       4076     513630   Object Totals
         0          0         32          0          0          0   (incl. Generated)
       150          0          2          0          7          0   (incl. Padding)

    ----------------------------------------------------------------------

      Code (inc. data)   RO Data    RW Data    ZI Data      Debug   Library Member Name

         8          0          0          0          0         68   __main.o
         0          0          0          0          0          0   __rtentry.o
        12          0          0          0          0          0   __rtentry2.o
         6          0          0          0          0          0   __rtentry4.o
        94          8          0          0          0          0   __scatter.o
        26          0          0          0          0          0   __scatter_copy.o
        28          0          0          0          0          0   __scatter_zi.o
        18          0          0          0          0         80   exit.o
         6          0          0          0          0        152   heapauxi.o
         0          0          0          0          0          0   indicate_semi.o
         2          0          0          0          0          0   libinit.o
         6          0          0          0          0          0   libinit2.o
         2          0          0          0          0          0   libshutdown.o
         2          0          0          0          0          0   libshutdown2.o
         8          4          0          0         96         68   libspace.o
       240          0          0          0          0        100   lludivv7m.o
        78          0          0          0          0         80   rt_memclr_w.o
         2          0          0          0          0          0   rtexit.o
        10          0          0          0          0          0   rtexit2.o
        12          4          0          0          0         68   sys_exit.o
        74          0          0          0          0         80   sys_stackheap_outer.o
         2          0          0          0          0         68   use_no_semi.o
        26          0          0          0          0        116   fpinit.o

    ----------------------------------------------------------------------
       670         16          0          0         96        880   Library Totals
         8          0          0          0          0          0   (incl. Padding)

    ----------------------------------------------------------------------

      Code (inc. data)   RO Data    RW Data    ZI Data      Debug   Library Name

       636         16          0          0         96        764   c_w.l
        26          0          0          0          0        116   fz_wm.l

    ----------------------------------------------------------------------
       670         16          0          0         96        880   Library Totals

    ----------------------------------------------------------------------

==============================================================================


      Code (inc. data)   RO Data    RW Data    ZI Data      Debug   

     25646        196       4682         12       4172     513598   Grand Totals
     25646        196       4682         12       4172     513598   ELF Image Totals
     25646        196       4682         12          0          0   ROM Totals

==============================================================================

    Total RO  Size (Code + RO Data)                30328 (  29.62kB)
    Total RW  Size (RW Data + ZI Data)              4184 (   4.09kB)
    Total ROM Size (Code + RO Data + RW Data)      30340 (  29.63kB)

==============================================================================

